Component: ARM Compiler 5.06 update 7 (build 960) Tool: armlink [4d3601]

==============================================================================

Section Cross References

    startup_stm32g431xx.o(RESET) refers to startup_stm32g431xx.o(STACK) for __initial_sp
    startup_stm32g431xx.o(RESET) refers to startup_stm32g431xx.o(.text) for Reset_Handler
    startup_stm32g431xx.o(RESET) refers to stm32g4xx_it.o(i.NMI_Handler) for NMI_Handler
    startup_stm32g431xx.o(RESET) refers to stm32g4xx_it.o(i.HardFault_Handler) for HardFault_Handler
    startup_stm32g431xx.o(RESET) refers to stm32g4xx_it.o(i.MemManage_Handler) for MemManage_Handler
    startup_stm32g431xx.o(RESET) refers to stm32g4xx_it.o(i.BusFault_Handler) for BusFault_Handler
    startup_stm32g431xx.o(RESET) refers to stm32g4xx_it.o(i.UsageFault_Handler) for UsageFault_Handler
    startup_stm32g431xx.o(RESET) refers to stm32g4xx_it.o(i.SVC_Handler) for SVC_Handler
    startup_stm32g431xx.o(RESET) refers to stm32g4xx_it.o(i.DebugMon_Handler) for DebugMon_Handler
    startup_stm32g431xx.o(RESET) refers to stm32g4xx_it.o(i.PendSV_Handler) for PendSV_Handler
    startup_stm32g431xx.o(RESET) refers to stm32g4xx_it.o(i.SysTick_Handler) for SysTick_Handler
    startup_stm32g431xx.o(RESET) refers to stm32g4xx_it.o(i.DMA1_Channel1_IRQHandler) for DMA1_Channel1_IRQHandler
    startup_stm32g431xx.o(RESET) refers to stm32g4xx_it.o(i.DMA1_Channel2_IRQHandler) for DMA1_Channel2_IRQHandler
    startup_stm32g431xx.o(RESET) refers to stm32g4xx_it.o(i.USB_LP_IRQHandler) for USB_LP_IRQHandler
    startup_stm32g431xx.o(RESET) refers to stm32g4xx_it.o(i.TIM1_UP_TIM16_IRQHandler) for TIM1_UP_TIM16_IRQHandler
    startup_stm32g431xx.o(RESET) refers to stm32g4xx_it.o(i.TIM2_IRQHandler) for TIM2_IRQHandler
    startup_stm32g431xx.o(RESET) refers to stm32g4xx_it.o(i.USART3_IRQHandler) for USART3_IRQHandler
    startup_stm32g431xx.o(.text) refers to system_stm32g4xx.o(i.SystemInit) for SystemInit
    startup_stm32g431xx.o(.text) refers to entry.o(.ARM.Collect$$$$00000000) for __main
    main.o(i.SystemClock_Config) refers to memseta.o(.text) for __aeabi_memclr4
    main.o(i.SystemClock_Config) refers to stm32g4xx_hal_pwr_ex.o(i.HAL_PWREx_ControlVoltageScaling) for HAL_PWREx_ControlVoltageScaling
    main.o(i.SystemClock_Config) refers to stm32g4xx_hal_rcc.o(i.HAL_RCC_OscConfig) for HAL_RCC_OscConfig
    main.o(i.SystemClock_Config) refers to stm32g4xx_hal_rcc.o(i.HAL_RCC_ClockConfig) for HAL_RCC_ClockConfig
    main.o(i.main) refers to stm32g4xx_hal.o(i.HAL_Init) for HAL_Init
    main.o(i.main) refers to main.o(i.SystemClock_Config) for SystemClock_Config
    main.o(i.main) refers to gpio.o(i.MX_GPIO_Init) for MX_GPIO_Init
    main.o(i.main) refers to dma.o(i.MX_DMA_Init) for MX_DMA_Init
    main.o(i.main) refers to i2c.o(i.MX_I2C2_Init) for MX_I2C2_Init
    main.o(i.main) refers to spi.o(i.MX_SPI1_Init) for MX_SPI1_Init
    main.o(i.main) refers to spi.o(i.MX_SPI2_Init) for MX_SPI2_Init
    main.o(i.main) refers to tim.o(i.MX_TIM2_Init) for MX_TIM2_Init
    main.o(i.main) refers to tim.o(i.MX_TIM3_Init) for MX_TIM3_Init
    main.o(i.main) refers to tim.o(i.MX_TIM4_Init) for MX_TIM4_Init
    main.o(i.main) refers to usart.o(i.MX_USART1_UART_Init) for MX_USART1_UART_Init
    main.o(i.main) refers to usart.o(i.MX_USART3_UART_Init) for MX_USART3_UART_Init
    main.o(i.main) refers to usb_device.o(i.MX_USB_Device_Init) for MX_USB_Device_Init
    main.o(i.main) refers to tim.o(i.MX_TIM1_Init) for MX_TIM1_Init
    main.o(i.main) refers to system.o(i.system_init) for system_init
    main.o(i.main) refers to system.o(i.system_loop) for system_loop
    gpio.o(i.MX_GPIO_Init) refers to memseta.o(.text) for __aeabi_memclr4
    gpio.o(i.MX_GPIO_Init) refers to stm32g4xx_hal_gpio.o(i.HAL_GPIO_WritePin) for HAL_GPIO_WritePin
    gpio.o(i.MX_GPIO_Init) refers to stm32g4xx_hal_gpio.o(i.HAL_GPIO_Init) for HAL_GPIO_Init
    dma.o(i.MX_DMA_Init) refers to stm32g4xx_hal_cortex.o(i.HAL_NVIC_SetPriority) for HAL_NVIC_SetPriority
    dma.o(i.MX_DMA_Init) refers to stm32g4xx_hal_cortex.o(i.HAL_NVIC_EnableIRQ) for HAL_NVIC_EnableIRQ
    i2c.o(i.HAL_I2C_MspDeInit) refers to stm32g4xx_hal_gpio.o(i.HAL_GPIO_DeInit) for HAL_GPIO_DeInit
    i2c.o(i.HAL_I2C_MspInit) refers to memseta.o(.text) for __aeabi_memclr4
    i2c.o(i.HAL_I2C_MspInit) refers to stm32g4xx_hal_rcc_ex.o(i.HAL_RCCEx_PeriphCLKConfig) for HAL_RCCEx_PeriphCLKConfig
    i2c.o(i.HAL_I2C_MspInit) refers to main.o(i.Error_Handler) for Error_Handler
    i2c.o(i.HAL_I2C_MspInit) refers to stm32g4xx_hal_gpio.o(i.HAL_GPIO_Init) for HAL_GPIO_Init
    i2c.o(i.MX_I2C2_Init) refers to stm32g4xx_hal_i2c.o(i.HAL_I2C_Init) for HAL_I2C_Init
    i2c.o(i.MX_I2C2_Init) refers to main.o(i.Error_Handler) for Error_Handler
    i2c.o(i.MX_I2C2_Init) refers to stm32g4xx_hal_i2c_ex.o(i.HAL_I2CEx_ConfigAnalogFilter) for HAL_I2CEx_ConfigAnalogFilter
[...]
    .bss                                     0x2000069c   Section     1276  usbd_conf.o(.bss)
    mem                                      0x2000069c   Data         544  usbd_conf.o(.bss)
    .bss                                     0x20000b98   Section      720  usb_device.o(.bss)
    .bss                                     0x20000e68   Section      512  usbd_desc.o(.bss)
    .bss                                     0x20001068   Section     2048  usbd_cdc_if.o(.bss)
    STACK                                    0x20001868   Section     1024  startup_stm32g431xx.o(STACK)

    Global Symbols

    Symbol Name                              Value     Ov Type        Size  Object(Section)

    BuildAttributes$$THM_ISAv4$E$P$D$K$B$S$7EM$VFPi3$EXTD16$VFPS$VFMA$PE$A:L22UL41UL21$X:L11$S22US41US21$IEEE1$IW$USESV6$~STKCKD$USESV7$~SHL$OSPACE$ROPI$EBA8$MICROLIB$REQ8$PRES8$EABIv2 0x00000000   Number         0  anon$$obj.o ABSOLUTE
    __ARM_use_no_argv                        0x00000000   Number         0  main.o ABSOLUTE
    __arm_fini_                               - Undefined Weak Reference
    __cpp_initialize__aeabi_                  - Undefined Weak Reference
    __cxa_finalize                            - Undefined Weak Reference
    _clock_init                               - Undefined Weak Reference
    _microlib_exit                            - Undefined Weak Reference
    __Vectors_Size                           0x000001d8   Number         0  startup_stm32g431xx.o ABSOLUTE
    __Vectors                                0x08000000   Data           4  startup_stm32g431xx.o(RESET)
    __Vectors_End                            0x080001d8   Data           0  startup_stm32g431xx.o(RESET)
    __main                                   0x080001d9   Thumb Code     0  entry.o(.ARM.Collect$$$$00000000)
    _main_stk                                0x080001d9   Thumb Code     0  entry2.o(.ARM.Collect$$$$00000001)
    _main_scatterload                        0x080001dd   Thumb Code     0  entry5.o(.ARM.Collect$$$$00000004)
    __main_after_scatterload                 0x080001e1   Thumb Code     0  entry5.o(.ARM.Collect$$$$00000004)
    _main_clock                              0x080001e1   Thumb Code     0  entry7b.o(.ARM.Collect$$$$00000008)
    _main_cpp_init                           0x080001e1   Thumb Code     0  entry8b.o(.ARM.Collect$$$$0000000A)
    _main_init                               0x080001e1   Thumb Code     0  entry9a.o(.ARM.Collect$$$$0000000B)
    __rt_lib_shutdown_fini                   0x080001e9   Thumb Code     0  entry12b.o(.ARM.Collect$$$$0000000E)
    __rt_final_cpp                           0x080001ed   Thumb Code     0  entry10a.o(.ARM.Collect$$$$0000000F)
    __rt_final_exit                          0x080001ed   Thumb Code     0  entry11a.o(.ARM.Collect$$$$00000011)
    Reset_Handler                            0x080001f1   Thumb Code     8  startup_stm32g431xx.o(.text)
    ADC1_2_IRQHandler                        0x0800020b   Thumb Code     0  startup_stm32g431xx.o(.text)
    COMP1_2_3_IRQHandler                     0x0800020b   Thumb Code     0  startup_stm32g431xx.o(.text)
    COMP4_IRQHandler                         0x0800020b   Thumb Code     0  startup_stm32g431xx.o(.text)
    CORDIC_IRQHandler                        0x0800020b   Thumb Code     0  startup_stm32g431xx.o(.text)
    CRS_IRQHandler                           0x0800020b   Thumb Code     0  startup_stm32g431xx.o(.text)
    DMA1_Channel3_IRQHandler                 0x0800020b   Thumb Code     0  startup_stm32g431xx.o(.text)
    DMA1_Channel4_IRQHandler                 0x0800020b   Thumb Code     0  startup_stm32g431xx.o(.text)
    DMA1_Channel5_IRQHandler                 0x0800020b   Thumb Code     0  startup_stm32g431xx.o(.text)
    DMA1_Channel6_IRQHandler                 0x0800020b   Thumb Code     0  startup_stm32g431xx.o(.text)
    DMA2_Channel1_IRQHandler                 0x0800020b   Thumb Code     0  startup_stm32g431xx.o(.text)
    DMA2_Channel2_IRQHandler                 0x0800020b   Thumb Code     0  startup_stm32g431xx.o(.text)
    DMA2_Channel3_IRQHandler                 0x0800020b   Thumb Code     0  startup_stm32g431xx.o(.text)
    DMA2_Channel4_IRQHandler                 0x0800020b   Thumb Code     0  startup_stm32g431xx.o(.text)
    DMA2_Channel5_IRQHandler                 0x0800020b   Thumb Code     0  startup_stm32g431xx.o(.text)
    DMA2_Channel6_IRQHandler                 0x0800020b   Thumb Code     0  startup_stm32g431xx.o(.text)
    DMAMUX_OVR_IRQHandler                    0x0800020b   Thumb Code     0  startup_stm32g431xx.o(.text)
    EXTI0_IRQHandler                         0x0800020b   Thumb Code     0  startup_stm32g431xx.o(.text)
    EXTI15_10_IRQHandler                     0x0800020b   Thumb Code     0  startup_stm32g431xx.o(.text)
    EXTI1_IRQHandler                         0x0800020b   Thumb Code     0  startup_stm32g431xx.o(.text)
    EXTI2_IRQHandler                         0x0800020b   Thumb Code     0  startup_stm32g431xx.o(.text)
    EXTI3_IRQHandler                         0x0800020b   Thumb Code     0  startup_stm32g431xx.o(.text)
    EXTI4_IRQHandler                         0x0800020b   Thumb Code     0  startup_stm32g431xx.o(.text)
    EXTI9_5_IRQHandler                       0x0800020b   Thumb Code     0  startup_stm32g431xx.o(.text)
    FDCAN1_IT0_IRQHandler                    0x0800020b   Thumb Code     0  startup_stm32g431xx.o(.text)
    FDCAN1_IT1_IRQHandler                    0x0800020b   Thumb Code     0  startup_stm32g431xx.o(.text)
    FLASH_IRQHandler                         0x0800020b   Thumb Code     0  startup_stm32g431xx.o(.text)
    FMAC_IRQHandler                          0x0800020b   Thumb Code     0  startup_stm32g431xx.o(.text)
    FPU_IRQHandler                           0x0800020b   Thumb Code     0  startup_stm32g431xx.o(.text)
    I2C1_ER_IRQHandler                       0x0800020b   Thumb Code     0  startup_stm32g431xx.o(.text)
    I2C1_EV_IRQHandler                       0x0800020b   Thumb Code     0  startup_stm32g431xx.o(.text)
    I2C2_ER_IRQHandler                       0x0800020b   Thumb Code     0  startup_stm32g431xx.o(.text)
    I2C2_EV_IRQHandler                       0x0800020b   Thumb Code     0  startup_stm32g431xx.o(.text)
    I2C3_ER_IRQHandler                       0x0800020b   Thumb Code     0  startup_stm32g431xx.o(.text)
    I2C3_EV_IRQHandler                       0x0800020b   Thumb Code     0  startup_stm32g431xx.o(.text)
    LPTIM1_IRQHandler                        0x0800020b   Thumb Code     0  startup_stm32g431xx.o(.text)
    LPUART1_IRQHandler                       0x0800020b   Thumb Code     0  startup_stm32g431xx.o(.text)
    PVD_PVM_IRQHandler                       0x0800020b   Thumb Code     0  startup_stm32g431xx.o(.text)
    RCC_IRQHandler                           0x0800020b   Thumb Code     0  startup_stm32g431xx.o(.text)
    RNG_IRQHandler                           0x0800020b   Thumb Code     0  startup_stm32g431xx.o(.text)
    RTC_Alarm_IRQHandler                     0x0800020b   Thumb Code     0  startup_stm32g431xx.o(.text)
    RTC_TAMP_LSECSS_IRQHandler               0x0800020b   Thumb Code     0  startup_stm32g431xx.o(.text)
    RTC_WKUP_IRQHandler                      0x0800020b   Thumb Code     0  startup_stm32g431xx.o(.text)
    SAI1_IRQHandler                          0x0800020b   Thumb Code     0  startup_stm32g431xx.o(.text)
    SPI1_IRQHandler                          0x0800020b   Thumb Code     0  startup_stm32g431xx.o(.text)
    SPI2_IRQHandler                          0x0800020b   Thumb Code     0  startup_stm32g431xx.o(.text)
    SPI3_IRQHandler                          0x0800020b   Thumb Code     0  startup_stm32g431xx.o(.text)
    TIM1_BRK_TIM15_IRQHandler                0x0800020b   Thumb Code     0  startup_stm32g431xx.o(.text)
    TIM1_CC_IRQHandler                       0x0800020b   Thumb Code     0  startup_stm32g431xx.o(.text)
    TIM1_TRG_COM_TIM17_IRQHandler            0x0800020b   Thumb Code     0  startup_stm32g431xx.o(.text)
    TIM3_IRQHandler                          0x0800020b   Thumb Code     0  startup_stm32g431xx.o(.text)
    TIM4_IRQHandler                          0x0800020b   Thumb Code     0  startup_stm32g431xx.o(.text)
    TIM6_DAC_IRQHandler                      0x0800020b   Thumb Code     0  startup_stm32g431xx.o(.text)
    TIM7_IRQHandler                          0x0800020b   Thumb Code     0  startup_stm32g431xx.o(.text)
    TIM8_BRK_IRQHandler                      0x0800020b   Thumb Code     0  startup_stm32g431xx.o(.text)
    TIM8_CC_IRQHandler                       0x0800020b   Thumb Code     0  startup_stm32g431xx.o(.text)
    TIM8_TRG_COM_IRQHandler                  0x0800020b   Thumb Code     0  startup_stm32g431xx.o(.text)
    TIM8_UP_IRQHandler                       0x0800020b   Thumb Code     0  startup_stm32g431xx.o(.text)
    UART4_IRQHandler                         0x0800020b   Thumb Code     0  startup_stm32g431xx.o(.text)
    UCPD1_IRQHandler                         0x0800020b   Thumb Code     0  startup_stm32g431xx.o(.text)
    USART1_IRQHandler                        0x0800020b   Thumb Code     0  startup_stm32g431xx.o(.text)
    USART2_IRQHandler                        0x0800020b   Thumb Code     0  startup_stm32g431xx.o(.text)
    USBWakeUp_IRQHandler                     0x0800020b   Thumb Code     0  startup_stm32g431xx.o(.text)
    USB_HP_IRQHandler                        0x0800020b   Thumb Code     0  startup_stm32g431xx.o(.text)
    WWDG_IRQHandler                          0x0800020b   Thumb Code     0  startup_stm32g431xx.o(.text)
    __aeabi_uldivmod                         0x08000215   Thumb Code    98  uldiv.o(.text)
    __aeabi_memset                           0x08000277   Thumb Code    14  memseta.o(.text)
    __aeabi_memset4                          0x08000277   Thumb Code     0  memseta.o(.text)
    __aeabi_memset8                          0x08000277   Thumb Code     0  memseta.o(.text)
    __aeabi_memclr                           0x08000285   Thumb Code     4  memseta.o(.text)
    __aeabi_memclr4                          0x08000285   Thumb Code     0  memseta.o(.text)
    __aeabi_memclr8                          0x08000285   Thumb Code     0  memseta.o(.text)
    _memset$wrapper                          0x08000289   Thumb Code    18  memseta.o(.text)
    strlen                                   0x0800029b   Thumb Code    14  strlen.o(.text)
    __aeabi_uidiv                            0x080002a9   Thumb Code     0  uidiv.o(.text)
    __aeabi_uidivmod                         0x080002a9   Thumb Code    44  uidiv.o(.text)
    __aeabi_llsl                             0x080002d5   Thumb Code    30  llshl.o(.text)
    _ll_shift_l                              0x080002d5   Thumb Code     0  llshl.o(.text)
    __aeabi_llsr                             0x080002f3   Thumb Code    32  llushr.o(.text)
    _ll_ushift_r                             0x080002f3   Thumb Code     0  llushr.o(.text)
    __I$use$fp                               0x08000313   Thumb Code     0  iusefp.o(.text)
    __aeabi_dadd                             0x08000313   Thumb Code   322  dadd.o(.text)
    __aeabi_dsub                             0x08000455   Thumb Code     6  dadd.o(.text)
    __aeabi_drsub                            0x0800045b   Thumb Code     6  dadd.o(.text)
    __aeabi_dmul                             0x08000461   Thumb Code   228  dmul.o(.text)
    __aeabi_ddiv                             0x08000545   Thumb Code   222  ddiv.o(.text)
    __aeabi_d2ulz                            0x08000623   Thumb Code    48  dfixul.o(.text)
    __aeabi_cdrcmple                         0x08000655   Thumb Code    48  cdrcmple.o(.text)
    __scatterload                            0x08000685   Thumb Code    28  init.o(.text)
    __scatterload_rt2                        0x08000685   Thumb Code     0  init.o(.text)
    __aeabi_lasr                             0x080006a9   Thumb Code    36  llsshr.o(.text)
    _ll_sshift_r                             0x080006a9   Thumb Code     0  llsshr.o(.text)
    _double_round                            0x080006cd   Thumb Code    30  depilogue.o(.text)
    _double_epilogue                         0x080006eb   Thumb Code   156  depilogue.o(.text)
    __decompress                             0x08000787   Thumb Code     0  __dczerorl2.o(.text)
    __decompress1                            0x08000787   Thumb Code    86  __dczerorl2.o(.text)
    BusFault_Handler                         0x080007dd   Thumb Code     2  stm32g4xx_it.o(i.BusFault_Handler)
    CDC_Transmit_FS                          0x08000829   Thumb Code    38  usbd_cdc_if.o(i.CDC_Transmit_FS)
    DMA1_Channel1_IRQHandler                 0x08000855   Thumb Code     6  stm32g4xx_it.o(i.DMA1_Channel1_IRQHandler)
    DMA1_Channel2_IRQHandler                 0x08000861   Thumb Code     6  stm32g4xx_it.o(i.DMA1_Channel2_IRQHandler)
    DebugMon_Handler                         0x0800090f   Thumb Code     2  stm32g4xx_it.o(i.DebugMon_Handler)
    Error_Handler                            0x08000911   Thumb Code     4  main.o(i.Error_Handler)
    HAL_DMA_Abort                            0x08000915   Thumb Code   106  stm32g4xx_hal_dma.o(i.HAL_DMA_Abort)
    HAL_DMA_Abort_IT                         0x0800097f   Thumb Code   120  stm32g4xx_hal_dma.o(i.HAL_DMA_Abort_IT)
    HAL_DMA_IRQHandler                       0x080009f7   Thumb Code   186  stm32g4xx_hal_dma.o(i.HAL_DMA_IRQHandler)
    HAL_DMA_Init                             0x08000ab1   Thumb Code   178  stm32g4xx_hal_dma.o(i.HAL_DMA_Init)
    HAL_DMA_Start_IT                         0x08000b71   Thumb Code   140  stm32g4xx_hal_dma.o(i.HAL_DMA_Start_IT)
    HAL_Delay                                0x08000bfd   Thumb Code    32  stm32g4xx_hal.o(i.HAL_Delay)
    HAL_GPIO_Init                            0x08000c21   Thumb Code   550  stm32g4xx_hal_gpio.o(i.HAL_GPIO_Init)
    HAL_GPIO_WritePin                        0x08000e69   Thumb Code    10  stm32g4xx_hal_gpio.o(i.HAL_GPIO_WritePin)
    HAL_GetTick                              0x08000e75   Thumb Code     6  stm32g4xx_hal.o(i.HAL_GetTick)
    HAL_I2CEx_ConfigAnalogFilter             0x08000e81   Thumb Code    86  stm32g4xx_hal_i2c_ex.o(i.HAL_I2CEx_ConfigAnalogFilter)
    HAL_I2CEx_ConfigDigitalFilter            0x08000ed7   Thumb Code    82  stm32g4xx_hal_i2c_ex.o(i.HAL_I2CEx_ConfigDigitalFilter)
    HAL_I2C_Init                             0x08000f29   Thumb Code   184  stm32g4xx_hal_i2c.o(i.HAL_I2C_Init)
    HAL_I2C_MspInit                          0x08000fe5   Thumb Code   148  i2c.o(i.HAL_I2C_MspInit)
    HAL_IncTick                              0x08001085   Thumb Code    12  stm32g4xx_hal.o(i.HAL_IncTick)
    HAL_Init                                 0x08001095   Thumb Code    30  stm32g4xx_hal.o(i.HAL_Init)
    HAL_InitTick                             0x080010b5   Thumb Code    58  stm32g4xx_hal.o(i.HAL_InitTick)
    HAL_MspInit                              0x080010f9   Thumb Code    42  stm32g4xx_hal_msp.o(i.HAL_MspInit)
    HAL_NVIC_EnableIRQ                       0x08001129   Thumb Code    26  stm32g4xx_hal_cortex.o(i.HAL_NVIC_EnableIRQ)
    HAL_NVIC_SetPriority                     0x08001145   Thumb Code    60  stm32g4xx_hal_cortex.o(i.HAL_NVIC_SetPriority)
    HAL_NVIC_SetPriorityGrouping             0x08001185   Thumb Code    26  stm32g4xx_hal_cortex.o(i.HAL_NVIC_SetPriorityGrouping)
    HAL_PCDEx_ActivateLPM                    0x080011a9   Thumb Code    36  stm32g4xx_hal_pcd_ex.o(i.HAL_PCDEx_ActivateLPM)
    HAL_PCDEx_LPM_Callback                   0x080011cd   Thumb Code    64  usbd_conf.o(i.HAL_PCDEx_LPM_Callback)
    HAL_PCDEx_PMAConfig                      0x08001211   Thumb Code    60  stm32g4xx_hal_pcd_ex.o(i.HAL_PCDEx_PMAConfig)
    HAL_PCD_DataInStageCallback              0x0800124d   Thumb Code    18  usbd_conf.o(i.HAL_PCD_DataInStageCallback)
    HAL_PCD_DataOutStageCallback             0x0800125f   Thumb Code    20  usbd_conf.o(i.HAL_PCD_DataOutStageCallback)
    HAL_PCD_EP_Close                         0x08001273   Thumb Code    74  stm32g4xx_hal_pcd.o(i.HAL_PCD_EP_Close)
    HAL_PCD_EP_ClrStall                      0x080012bd   Thumb Code    90  stm32g4xx_hal_pcd.o(i.HAL_PCD_EP_ClrStall)
    HAL_PCD_EP_GetRxCount                    0x08001733   Thumb Code    18  stm32g4xx_hal_pcd.o(i.HAL_PCD_EP_GetRxCount)
    HAL_PCD_EP_Open                          0x08001745   Thumb Code    88  stm32g4xx_hal_pcd.o(i.HAL_PCD_EP_Open)
    HAL_PCD_EP_Receive                       0x0800179d   Thumb Code    46  stm32g4xx_hal_pcd.o(i.HAL_PCD_EP_Receive)
    HAL_PCD_EP_SetStall                      0x080017cb   Thumb Code    94  stm32g4xx_hal_pcd.o(i.HAL_PCD_EP_SetStall)
    HAL_PCD_EP_Transmit                      0x08001829   Thumb Code    46  stm32g4xx_hal_pcd.o(i.HAL_PCD_EP_Transmit)
    HAL_PCD_IRQHandler                       0x08001857   Thumb Code   330  stm32g4xx_hal_pcd.o(i.HAL_PCD_IRQHandler)
    HAL_PCD_Init                             0x080019a1   Thumb Code   156  stm32g4xx_hal_pcd.o(i.HAL_PCD_Init)
    HAL_PCD_MspInit                          0x08001a3d   Thumb Code    80  usbd_conf.o(i.HAL_PCD_MspInit)
    HAL_PCD_ResetCallback                    0x08001a95   Thumb Code    38  usbd_conf.o(i.HAL_PCD_ResetCallback)
    HAL_PCD_ResumeCallback                   0x08001abd   Thumb Code    34  usbd_conf.o(i.HAL_PCD_ResumeCallback)
    HAL_PCD_SOFCallback                      0x08001ae5   Thumb Code     8  usbd_conf.o(i.HAL_PCD_SOFCallback)
    HAL_PCD_SetAddress                       0x08001aed   Thumb Code    38  stm32g4xx_hal_pcd.o(i.HAL_PCD_SetAddress)
    HAL_PCD_SetupStageCallback               0x08001b13   Thumb Code    14  usbd_conf.o(i.HAL_PCD_SetupStageCallback)
    HAL_PCD_Start                            0x08001b21   Thumb Code    42  stm32g4xx_hal_pcd.o(i.HAL_PCD_Start)
    HAL_PCD_SuspendCallback                  0x08001b4d   Thumb Code    30  usbd_conf.o(i.HAL_PCD_SuspendCallback)
    HAL_PWREx_ControlVoltageScaling          0x08001b71   Thumb Code   174  stm32g4xx_hal_pwr_ex.o(i.HAL_PWREx_ControlVoltageScaling)
    HAL_PWREx_DisableUCPDDeadBattery         0x08001c2d   Thumb Code    12  stm32g4xx_hal_pwr_ex.o(i.HAL_PWREx_DisableUCPDDeadBattery)
    HAL_RCCEx_PeriphCLKConfig                0x08001c3d   Thumb Code   638  stm32g4xx_hal_rcc_ex.o(i.HAL_RCCEx_PeriphCLKConfig)
    HAL_RCC_ClockConfig                      0x08001ec5   Thumb Code   444  stm32g4xx_hal_rcc.o(i.HAL_RCC_ClockConfig)
    HAL_RCC_GetPCLK1Freq                     0x080020a1   Thumb Code    24  stm32g4xx_hal_rcc.o(i.HAL_RCC_GetPCLK1Freq)
    HAL_RCC_GetPCLK2Freq                     0x080020c5   Thumb Code    24  stm32g4xx_hal_rcc.o(i.HAL_RCC_GetPCLK2Freq)
    HAL_RCC_GetSysClockFreq                  0x080020e9   Thumb Code    98  stm32g4xx_hal_rcc.o(i.HAL_RCC_GetSysClockFreq)
    HAL_RCC_OscConfig                        0x08002159   Thumb Code  1028  stm32g4xx_hal_rcc.o(i.HAL_RCC_OscConfig)
    HAL_SPI_Init                             0x0800255d   Thumb Code   234  stm32g4xx_hal_spi.o(i.HAL_SPI_Init)
    HAL_SPI_MspInit                          0x08002649   Thumb Code   144  spi.o(i.HAL_SPI_MspInit)
    HAL_SPI_Receive                          0x080026e9   Thumb Code   382  stm32g4xx_hal_spi.o(i.HAL_SPI_Receive)
    HAL_SPI_Transmit                         0x08002867   Thumb Code   402  stm32g4xx_hal_spi.o(i.HAL_SPI_Transmit)
    HAL_SPI_TransmitReceive                  0x080029f9   Thumb Code   620  stm32g4xx_hal_spi.o(i.HAL_SPI_TransmitReceive)
    HAL_SYSTICK_Config                       0x08002c65   Thumb Code    40  stm32g4xx_hal_cortex.o(i.HAL_SYSTICK_Config)
    HAL_TIMEx_Break2Callback                 0x08002c8d   Thumb Code     2  stm32g4xx_hal_tim_ex.o(i.HAL_TIMEx_Break2Callback)
    HAL_TIMEx_BreakCallback                  0x08002c8f   Thumb Code     2  stm32g4xx_hal_tim_ex.o(i.HAL_TIMEx_BreakCallback)
    HAL_TIMEx_CommutCallback                 0x08002c91   Thumb Code     2  stm32g4xx_hal_tim_ex.o(i.HAL_TIMEx_CommutCallback)
    HAL_TIMEx_DirectionChangeCallback        0x08002c93   Thumb Code     2  stm32g4xx_hal_tim_ex.o(i.HAL_TIMEx_DirectionChangeCallback)
    HAL_TIMEx_EncoderIndexCallback           0x08002c95   Thumb Code     2  stm32g4xx_hal_tim_ex.o(i.HAL_TIMEx_EncoderIndexCallback)
    HAL_TIMEx_IndexErrorCallback             0x08002c97   Thumb Code     2  stm32g4xx_hal_tim_ex.o(i.HAL_TIMEx_IndexErrorCallback)
    HAL_TIMEx_MasterConfigSynchronization    0x08002c99   Thumb Code   132  stm32g4xx_hal_tim_ex.o(i.HAL_TIMEx_MasterConfigSynchronization)
    HAL_TIMEx_TransitionErrorCallback        0x08002d35   Thumb Code     2  stm32g4xx_hal_tim_ex.o(i.HAL_TIMEx_TransitionErrorCallback)
    HAL_TIM_Base_Init                        0x08002d37   Thumb Code    98  stm32g4xx_hal_tim.o(i.HAL_TIM_Base_Init)
    HAL_TIM_Base_MspInit                     0x08002d99   Thumb Code    50  tim.o(i.HAL_TIM_Base_MspInit)
    HAL_TIM_Base_Start                       0x08002dd5   Thumb Code    84  stm32g4xx_hal_tim.o(i.HAL_TIM_Base_Start)
    HAL_TIM_Base_Start_IT                    0x08002e41   Thumb Code    94  stm32g4xx_hal_tim.o(i.HAL_TIM_Base_Start_IT)
    HAL_TIM_ConfigClockSource                0x08002eb9   Thumb Code   246  stm32g4xx_hal_tim.o(i.HAL_TIM_ConfigClockSource)
    HAL_TIM_IC_CaptureCallback               0x08002fb9   Thumb Code     2  stm32g4xx_hal_tim.o(i.HAL_TIM_IC_CaptureCallback)
    HAL_TIM_IRQHandler                       0x08002fbb   Thumb Code   418  stm32g4xx_hal_tim.o(i.HAL_TIM_IRQHandler)
    HAL_TIM_MspPostInit                      0x0800315d   Thumb Code   180  tim.o(i.HAL_TIM_MspPostInit)
    HAL_TIM_OC_DelayElapsedCallback          0x08003221   Thumb Code     2  stm32g4xx_hal_tim.o(i.HAL_TIM_OC_DelayElapsedCallback)
    HAL_TIM_PWM_ConfigChannel                0x08003223   Thumb Code   292  stm32g4xx_hal_tim.o(i.HAL_TIM_PWM_ConfigChannel)
    HAL_TIM_PWM_Init                         0x08003347   Thumb Code    98  stm32g4xx_hal_tim.o(i.HAL_TIM_PWM_Init)
    HAL_TIM_PWM_MspInit                      0x080033a9   Thumb Code    94  tim.o(i.HAL_TIM_PWM_MspInit)
    HAL_TIM_PWM_PulseFinishedCallback        0x08003415   Thumb Code     2  stm32g4xx_hal_tim.o(i.HAL_TIM_PWM_PulseFinishedCallback)
    HAL_TIM_PWM_Start                        0x08003419   Thumb Code   218  stm32g4xx_hal_tim.o(i.HAL_TIM_PWM_Start)
    HAL_TIM_PeriodElapsedCallback            0x08003515   Thumb Code    48  system.o(i.HAL_TIM_PeriodElapsedCallback)
    HAL_TIM_TriggerCallback                  0x0800354d   Thumb Code     2  stm32g4xx_hal_tim.o(i.HAL_TIM_TriggerCallback)
    HAL_UARTEx_DisableFifoMode               0x0800354f   Thumb Code    62  stm32g4xx_hal_uart_ex.o(i.HAL_UARTEx_DisableFifoMode)
    HAL_UARTEx_RxEventCallback               0x0800358d   Thumb Code     2  stm32g4xx_hal_uart.o(i.HAL_UARTEx_RxEventCallback)
    HAL_UARTEx_RxFifoFullCallback            0x0800358f   Thumb Code     2  stm32g4xx_hal_uart_ex.o(i.HAL_UARTEx_RxFifoFullCallback)
    HAL_UARTEx_SetRxFifoThreshold            0x08003591   Thumb Code    76  stm32g4xx_hal_uart_ex.o(i.HAL_UARTEx_SetRxFifoThreshold)
    HAL_UARTEx_SetTxFifoThreshold            0x080035dd   Thumb Code    76  stm32g4xx_hal_uart_ex.o(i.HAL_UARTEx_SetTxFifoThreshold)
    HAL_UARTEx_TxFifoEmptyCallback           0x08003629   Thumb Code     2  stm32g4xx_hal_uart_ex.o(i.HAL_UARTEx_TxFifoEmptyCallback)
    HAL_UARTEx_WakeupCallback                0x0800362b   Thumb Code     2  stm32g4xx_hal_uart_ex.o(i.HAL_UARTEx_WakeupCallback)
    HAL_UART_ErrorCallback                   0x0800362d   Thumb Code     2  stm32g4xx_hal_uart.o(i.HAL_UART_ErrorCallback)
    HAL_UART_IRQHandler                      0x08003631   Thumb Code   766  stm32g4xx_hal_uart.o(i.HAL_UART_IRQHandler)
    HAL_UART_Init                            0x0800393d   Thumb Code   106  stm32g4xx_hal_uart.o(i.HAL_UART_Init)
    HAL_UART_MspInit                         0x080039a9   Thumb Code   314  usart.o(i.HAL_UART_MspInit)
    HAL_UART_Receive_DMA                     0x08003afd   Thumb Code    66  stm32g4xx_hal_uart.o(i.HAL_UART_Receive_DMA)
    HAL_UART_RxCpltCallback                  0x08003b45   Thumb Code    36  wk_double_tx.o(i.HAL_UART_RxCpltCallback)
    HAL_UART_RxHalfCpltCallback              0x08003b71   Thumb Code     2  stm32g4xx_hal_uart.o(i.HAL_UART_RxHalfCpltCallback)
    HAL_UART_Transmit_DMA                    0x08003b75   Thumb Code   132  stm32g4xx_hal_uart.o(i.HAL_UART_Transmit_DMA)
    HAL_UART_TxCpltCallback                  0x08003c05   Thumb Code    14  wk_double_tx.o(i.HAL_UART_TxCpltCallback)
    HAL_UART_TxHalfCpltCallback              0x08003c1d   Thumb Code     2  stm32g4xx_hal_uart.o(i.HAL_UART_TxHalfCpltCallback)
    HardFault_Handler                        0x08003c1f   Thumb Code     2  stm32g4xx_it.o(i.HardFault_Handler)
    MX_DMA_Init                              0x08003c59   Thumb Code    72  dma.o(i.MX_DMA_Init)
    MX_GPIO_Init                             0x08003ca5   Thumb Code   206  gpio.o(i.MX_GPIO_Init)
    MX_I2C2_Init                             0x08003d81   Thumb Code    76  i2c.o(i.MX_I2C2_Init)
    MX_SPI1_Init                             0x08003dd9   Thumb Code    72  spi.o(i.MX_SPI1_Init)
    MX_SPI2_Init                             0x08003e29   Thumb Code    72  spi.o(i.MX_SPI2_Init)
    MX_TIM1_Init                             0x08003e79   Thumb Code   102  tim.o(i.MX_TIM1_Init)
    MX_TIM2_Init                             0x08003ee9   Thumb Code   158  tim.o(i.MX_TIM2_Init)
    MX_TIM3_Init                             0x08003f8d   Thumb Code   120  tim.o(i.MX_TIM3_Init)
    MX_TIM4_Init                             0x0800400d   Thumb Code   120  tim.o(i.MX_TIM4_Init)
    MX_USART1_UART_Init                      0x0800408d   Thumb Code    94  usart.o(i.MX_USART1_UART_Init)
    MX_USART3_UART_Init                      0x080040f5   Thumb Code    94  usart.o(i.MX_USART3_UART_Init)
    MX_USB_Device_Init                       0x0800415d   Thumb Code    66  usb_device.o(i.MX_USB_Device_Init)
    MemManage_Handler                        0x080041b1   Thumb Code     2  stm32g4xx_it.o(i.MemManage_Handler)
    NMI_Handler                              0x080041b3   Thumb Code     2  stm32g4xx_it.o(i.NMI_Handler)
    PendSV_Handler                           0x0800454b   Thumb Code     2  stm32g4xx_it.o(i.PendSV_Handler)
    SVC_Handler                              0x080047a1   Thumb Code     2  stm32g4xx_it.o(i.SVC_Handler)
    SysTick_Handler                          0x080047ad   Thumb Code     4  stm32g4xx_it.o(i.SysTick_Handler)
    SystemClock_Config                       0x080047b1   Thumb Code   108  main.o(i.SystemClock_Config)
    SystemInit                               0x0800481d   Thumb Code    12  system_stm32g4xx.o(i.SystemInit)
    TIM1_UP_TIM16_IRQHandler                 0x0800482d   Thumb Code     6  stm32g4xx_it.o(i.TIM1_UP_TIM16_IRQHandler)
    TIM2_IRQHandler                          0x08004839   Thumb Code     6  stm32g4xx_it.o(i.TIM2_IRQHandler)
    TIM_Base_SetConfig                       0x08004845   Thumb Code   160  stm32g4xx_hal_tim.o(i.TIM_Base_SetConfig)
    TIM_CCxChannelCmd                        0x08004901   Thumb Code    26  stm32g4xx_hal_tim.o(i.TIM_CCxChannelCmd)
    TIM_ETR_SetConfig                        0x0800491b   Thumb Code    20  stm32g4xx_hal_tim.o(i.TIM_ETR_SetConfig)
    TIM_OC2_SetConfig                        0x080049e1   Thumb Code   120  stm32g4xx_hal_tim.o(i.TIM_OC2_SetConfig)
    UART_AdvFeatureConfig                    0x08004cfd   Thumb Code   200  stm32g4xx_hal_uart.o(i.UART_AdvFeatureConfig)
    UART_CheckIdleState                      0x08004dc5   Thumb Code   172  stm32g4xx_hal_uart.o(i.UART_CheckIdleState)
    UART_SetConfig                           0x0800504d   Thumb Code   582  stm32g4xx_hal_uart.o(i.UART_SetConfig)
    UART_Start_Receive_DMA                   0x080052c1   Thumb Code   156  stm32g4xx_hal_uart.o(i.UART_Start_Receive_DMA)
    UART_WaitOnFlagUntilTimeout              0x08005369   Thumb Code   148  stm32g4xx_hal_uart.o(i.UART_WaitOnFlagUntilTimeout)
    USART3_IRQHandler                        0x080053fd   Thumb Code     6  stm32g4xx_it.o(i.USART3_IRQHandler)
    USBD_CDC_ConfigStrDescriptor             0x08005409   Thumb Code    16  usbd_desc.o(i.USBD_CDC_ConfigStrDescriptor)
    USBD_CDC_DeviceDescriptor                0x080054f9   Thumb Code     8  usbd_desc.o(i.USBD_CDC_DeviceDescriptor)
    USBD_CDC_GetDeviceQualifierDescriptor    0x08005535   Thumb Code     8  usbd_cdc.o(i.USBD_CDC_GetDeviceQualifierDescriptor)
    USBD_CDC_InterfaceStrDescriptor          0x08005609   Thumb Code    16  usbd_desc.o(i.USBD_CDC_InterfaceStrDescriptor)
    USBD_CDC_LangIDStrDescriptor             0x0800562d   Thumb Code     8  usbd_desc.o(i.USBD_CDC_LangIDStrDescriptor)
    USBD_CDC_ManufacturerStrDescriptor       0x08005639   Thumb Code    16  usbd_desc.o(i.USBD_CDC_ManufacturerStrDescriptor)
    USBD_CDC_ProductStrDescriptor            0x08005661   Thumb Code    16  usbd_desc.o(i.USBD_CDC_ProductStrDescriptor)
    USBD_CDC_ReceivePacket                   0x0800568d   Thumb Code    40  usbd_cdc.o(i.USBD_CDC_ReceivePacket)
    USBD_CDC_RegisterInterface               0x080056b5   Thumb Code    14  usbd_cdc.o(i.USBD_CDC_RegisterInterface)
    USBD_CDC_SerialStrDescriptor             0x080056c5   Thumb Code    48  usbd_desc.o(i.USBD_CDC_SerialStrDescriptor)
    USBD_CDC_SetRxBuffer                     0x080056fd   Thumb Code    18  usbd_cdc.o(i.USBD_CDC_SetRxBuffer)
    USBD_CDC_SetTxBuffer                     0x0800570f   Thumb Code    22  usbd_cdc.o(i.USBD_CDC_SetTxBuffer)
    USBD_CDC_TransmitPacket                  0x080057e3   Thumb Code    54  usbd_cdc.o(i.USBD_CDC_TransmitPacket)
    USBD_ClrClassConfig                      0x08005819   Thumb Code    16  usbd_core.o(i.USBD_ClrClassConfig)
    USBD_CtlContinueRx                       0x08005829   Thumb Code    16  usbd_ioreq.o(i.USBD_CtlContinueRx)
    USBD_CtlContinueSendData                 0x08005839   Thumb Code    16  usbd_ioreq.o(i.USBD_CtlContinueSendData)
    USBD_CtlError                            0x08005849   Thumb Code    22  usbd_ctlreq.o(i.USBD_CtlError)
    USBD_CtlPrepareRx                        0x0800585f   Thumb Code    30  usbd_ioreq.o(i.USBD_CtlPrepareRx)
    USBD_CtlReceiveStatus                    0x0800587d   Thumb Code    22  usbd_ioreq.o(i.USBD_CtlReceiveStatus)
    USBD_CtlSendData                         0x08005893   Thumb Code    26  usbd_ioreq.o(i.USBD_CtlSendData)
    USBD_CtlSendStatus                       0x080058ad   Thumb Code    22  usbd_ioreq.o(i.USBD_CtlSendStatus)
    USBD_GetString                           0x080059bd   Thumb Code    72  usbd_ctlreq.o(i.USBD_GetString)
    USBD_Init                                0x08005a1d   Thumb Code    38  usbd_core.o(i.USBD_Init)
    USBD_LL_ClearStallEP                     0x08005a43   Thumb Code    18  usbd_conf.o(i.USBD_LL_ClearStallEP)
    USBD_LL_CloseEP                          0x08005a55   Thumb Code    18  usbd_conf.o(i.USBD_LL_CloseEP)
    USBD_LL_DataInStage                      0x08005a67   Thumb Code   168  usbd_core.o(i.USBD_LL_DataInStage)
    USBD_LL_DataOutStage                     0x08005b0f   Thumb Code   108  usbd_core.o(i.USBD_LL_DataOutStage)
    USBD_LL_GetRxDataSize                    0x08005b7b   Thumb Code     8  usbd_conf.o(i.USBD_LL_GetRxDataSize)
    USBD_LL_Init                             0x08005b85   Thumb Code   124  usbd_conf.o(i.USBD_LL_Init)
    USBD_LL_IsStallEP                        0x08005c09   Thumb Code    30  usbd_conf.o(i.USBD_LL_IsStallEP)
    USBD_LL_OpenEP                           0x08005c27   Thumb Code    24  usbd_conf.o(i.USBD_LL_OpenEP)
    USBD_LL_PrepareReceive                   0x08005c3f   Thumb Code    18  usbd_conf.o(i.USBD_LL_PrepareReceive)
    USBD_LL_Reset                            0x08005c51   Thumb Code    90  usbd_core.o(i.USBD_LL_Reset)
    USBD_LL_Resume                           0x08005cab   Thumb Code    20  usbd_core.o(i.USBD_LL_Resume)
    USBD_LL_SOF                              0x08005cbf   Thumb Code    32  usbd_core.o(i.USBD_LL_SOF)
    USBD_LL_SetSpeed                         0x08005cdf   Thumb Code     6  usbd_core.o(i.USBD_LL_SetSpeed)
    USBD_LL_SetUSBAddress                    0x08005ce5   Thumb Code    18  usbd_conf.o(i.USBD_LL_SetUSBAddress)
    USBD_LL_SetupStage                       0x08005cf7   Thumb Code    96  usbd_core.o(i.USBD_LL_SetupStage)
    USBD_LL_StallEP                          0x08005d57   Thumb Code    18  usbd_conf.o(i.USBD_LL_StallEP)
    USBD_LL_Start                            0x08005d69   Thumb Code    18  usbd_conf.o(i.USBD_LL_Start)
    USBD_LL_Suspend                          0x08005d7b   Thumb Code    18  usbd_core.o(i.USBD_LL_Suspend)
    USBD_LL_Transmit                         0x08005d8d   Thumb Code    18  usbd_conf.o(i.USBD_LL_Transmit)
    USBD_ParseSetupRequest                   0x08005d9f   Thumb Code    44  usbd_ctlreq.o(i.USBD_ParseSetupRequest)
    USBD_RegisterClass                       0x08005dcb   Thumb Code    36  usbd_core.o(i.USBD_RegisterClass)
    USBD_SetClassConfig                      0x08005def   Thumb Code    20  usbd_core.o(i.USBD_SetClassConfig)
    USBD_Start                               0x08005ec1   Thumb Code     4  usbd_core.o(i.USBD_Start)
    USBD_StdDevReq                           0x08005ec5   Thumb Code   276  usbd_ctlreq.o(i.USBD_StdDevReq)
    USBD_StdEPReq                            0x08005fd9   Thumb Code   320  usbd_ctlreq.o(i.USBD_StdEPReq)
    USBD_StdItfReq                           0x08006119   Thumb Code    82  usbd_ctlreq.o(i.USBD_StdItfReq)
    USBD_static_free                         0x0800616b   Thumb Code     2  usbd_conf.o(i.USBD_static_free)
    USBD_static_malloc                       0x0800616d   Thumb Code     4  usbd_conf.o(i.USBD_static_malloc)
    USB_ActivateEndpoint                     0x08006175   Thumb Code   668  stm32g4xx_ll_usb.o(i.USB_ActivateEndpoint)
    USB_DeactivateEndpoint                   0x08006411   Thumb Code   270  stm32g4xx_ll_usb.o(i.USB_DeactivateEndpoint)
    USB_DevConnect                           0x0800651f   Thumb Code    14  stm32g4xx_ll_usb.o(i.USB_DevConnect)
    USB_DevInit                              0x0800652d   Thumb Code    18  stm32g4xx_ll_usb.o(i.USB_DevInit)
    USB_DisableGlobalInt                     0x0800653f   Thumb Code    16  stm32g4xx_ll_usb.o(i.USB_DisableGlobalInt)
    USB_EPClearStall                         0x0800654f   Thumb Code   120  stm32g4xx_ll_usb.o(i.USB_EPClearStall)
    USB_EPSetStall                           0x080065c7   Thumb Code    50  stm32g4xx_ll_usb.o(i.USB_EPSetStall)
    USB_EPStartXfer                          0x080065f9   Thumb Code  1250  stm32g4xx_ll_usb.o(i.USB_EPStartXfer)
    USB_EnableGlobalInt                      0x08006adb   Thumb Code    18  stm32g4xx_ll_usb.o(i.USB_EnableGlobalInt)
    USB_LP_IRQHandler                        0x08006aed   Thumb Code     6  stm32g4xx_it.o(i.USB_LP_IRQHandler)
    USB_ReadInterrupts                       0x08006af9   Thumb Code     6  stm32g4xx_ll_usb.o(i.USB_ReadInterrupts)
    USB_ReadPMA                              0x08006aff   Thumb Code    40  stm32g4xx_ll_usb.o(i.USB_ReadPMA)
    USB_SetDevAddress                        0x08006b27   Thumb Code    12  stm32g4xx_ll_usb.o(i.USB_SetDevAddress)
    USB_WritePMA                             0x08006b35   Thumb Code    38  stm32g4xx_ll_usb.o(i.USB_WritePMA)
    UsageFault_Handler                       0x08006b5b   Thumb Code     2  stm32g4xx_it.o(i.UsageFault_Handler)
    __0vsnprintf                             0x08006b5d   Thumb Code    46  printfa.o(i.__0vsnprintf)
    __1vsnprintf                             0x08006b5d   Thumb Code     0  printfa.o(i.__0vsnprintf)
    __2vsnprintf                             0x08006b5d   Thumb Code     0  printfa.o(i.__0vsnprintf)
    __c89vsnprintf                           0x08006b5d   Thumb Code     0  printfa.o(i.__0vsnprintf)
    vsnprintf                                0x08006b5d   Thumb Code     0  printfa.o(i.__0vsnprintf)
    __scatterload_copy                       0x08006bb1   Thumb Code    14  handlers.o(i.__scatterload_copy)
    __scatterload_null                       0x08006bbf   Thumb Code     2  handlers.o(i.__scatterload_null)
    __scatterload_zeroinit                   0x08006bc1   Thumb Code    14  handlers.o(i.__scatterload_zeroinit)
    clear_uart_rx_buffer                     0x08007471   Thumb Code    22  wk_double_tx.o(i.clear_uart_rx_buffer)
    get_systime_ms                           0x08007491   Thumb Code     6  system.o(i.get_systime_ms)
    handle_led_state                         0x0800749d   Thumb Code    74  system.o(i.handle_led_state)
    handle_serial_rx                         0x080074ed   Thumb Code   118  wk_double_tx.o(i.handle_serial_rx)
    lsm6ds3_init                             0x0800756d   Thumb Code   152  lsm6dsr_port.o(i.lsm6ds3_init)
    lsm6dsr_acceleration_raw_get             0x08007619   Thumb Code    64  lsm6dsr_reg.o(i.lsm6dsr_acceleration_raw_get)
    lsm6dsr_angular_rate_raw_get             0x08007659   Thumb Code    64  lsm6dsr_reg.o(i.lsm6dsr_angular_rate_raw_get)
    lsm6dsr_block_data_update_set            0x08007699   Thumb Code    46  lsm6dsr_reg.o(i.lsm6dsr_block_data_update_set)
    lsm6dsr_device_id_get                    0x080076c7   Thumb Code    14  lsm6dsr_reg.o(i.lsm6dsr_device_id_get)
    lsm6dsr_from_fs2000dps_to_mdps           0x080076d5   Thumb Code    18  lsm6dsr_reg.o(i.lsm6dsr_from_fs2000dps_to_mdps)
    lsm6dsr_from_fs2g_to_mg                  0x080076ed   Thumb Code    18  lsm6dsr_reg.o(i.lsm6dsr_from_fs2g_to_mg)
    lsm6dsr_from_lsb_to_celsius              0x08007705   Thumb Code    22  lsm6dsr_reg.o(i.lsm6dsr_from_lsb_to_celsius)
    lsm6dsr_fsm_data_rate_get                0x08007721   Thumb Code    76  lsm6dsr_reg.o(i.lsm6dsr_fsm_data_rate_get)
    lsm6dsr_fsm_enable_get                   0x0800776d   Thumb Code    62  lsm6dsr_reg.o(i.lsm6dsr_fsm_enable_get)
    lsm6dsr_gy_data_rate_set                 0x080077ab   Thumb Code   236  lsm6dsr_reg.o(i.lsm6dsr_gy_data_rate_set)
    lsm6dsr_gy_filter_lp1_set                0x08007897   Thumb Code    46  lsm6dsr_reg.o(i.lsm6dsr_gy_filter_lp1_set)
    lsm6dsr_gy_full_scale_set                0x080078c5   Thumb Code    46  lsm6dsr_reg.o(i.lsm6dsr_gy_full_scale_set)
    lsm6dsr_gy_lp1_bandwidth_set             0x080078f3   Thumb Code    46  lsm6dsr_reg.o(i.lsm6dsr_gy_lp1_bandwidth_set)
    lsm6dsr_i3c_disable_set                  0x08007921   Thumb Code    92  lsm6dsr_reg.o(i.lsm6dsr_i3c_disable_set)
    lsm6dsr_mem_bank_set                     0x0800797d   Thumb Code    46  lsm6dsr_reg.o(i.lsm6dsr_mem_bank_set)
    lsm6dsr_read_reg                         0x080079ab   Thumb Code    24  lsm6dsr_reg.o(i.lsm6dsr_read_reg)
    lsm6dsr_reset_set                        0x080079c3   Thumb Code    46  lsm6dsr_reg.o(i.lsm6dsr_reset_set)
    lsm6dsr_status_reg_get                   0x080079f1   Thumb Code    14  lsm6dsr_reg.o(i.lsm6dsr_status_reg_get)
    lsm6dsr_temperature_raw_get              0x080079ff   Thumb Code    32  lsm6dsr_reg.o(i.lsm6dsr_temperature_raw_get)
    lsm6dsr_timestamp_raw_get                0x08007a1f   Thumb Code    52  lsm6dsr_reg.o(i.lsm6dsr_timestamp_raw_get)
    lsm6dsr_timestamp_set                    0x08007a53   Thumb Code    46  lsm6dsr_reg.o(i.lsm6dsr_timestamp_set)
    lsm6dsr_update                           0x08007a81   Thumb Code   212  lsm6dsr_port.o(i.lsm6dsr_update)
    lsm6dsr_write_reg                        0x08007b5d   Thumb Code    24  lsm6dsr_reg.o(i.lsm6dsr_write_reg)
    lsm6dsr_xl_data_rate_set                 0x08007b75   Thumb Code   236  lsm6dsr_reg.o(i.lsm6dsr_xl_data_rate_set)
    lsm6dsr_xl_filter_lp2_set                0x08007c61   Thumb Code    46  lsm6dsr_reg.o(i.lsm6dsr_xl_filter_lp2_set)
    lsm6dsr_xl_full_scale_set                0x08007c8f   Thumb Code    46  lsm6dsr_reg.o(i.lsm6dsr_xl_full_scale_set)
    lsm6dsr_xl_hp_path_on_out_set            0x08007cbd   Thumb Code    58  lsm6dsr_reg.o(i.lsm6dsr_xl_hp_path_on_out_set)
    main                                     0x08007cf7   Thumb Code    66  main.o(i.main)
    motor_all_stop                           0x08007d39   Thumb Code    22  motor.o(i.motor_all_stop)
    motor_init                               0x08007d55   Thumb Code    48  motor.o(i.motor_init)
    motors_set_2048                          0x08007d89   Thumb Code    52  motor.o(i.motors_set_2048)
    receive_wkfly_data                       0x08007e59   Thumb Code    24  wk_double_tx.o(i.receive_wkfly_data)
    send_wkfly_data                          0x08007e79   Thumb Code    64  wk_double_tx.o(i.send_wkfly_data)
    serial_init                              0x08007ec9   Thumb Code    10  wk_double_tx.o(i.serial_init)
    system_init                              0x08007edd   Thumb Code    40  system.o(i.system_init)
    system_loop                              0x08007f3d   Thumb Code   106  system.o(i.system_loop)
    uart_tx_dma                              0x08007fb5   Thumb Code    48  wk_double_tx.o(i.uart_tx_dma)
    usb_log                                  0x08007ff1   Thumb Code    36  system.o(i.usb_log)
    UARTPrescTable                           0x08008018   Data          24  stm32g4xx_hal_uart.o(.constdata)
    AHBPrescTable                            0x08008040   Data          16  system_stm32g4xx.o(.constdata)
    APBPrescTable                            0x08008050   Data           8  system_stm32g4xx.o(.constdata)
    Region$$Table$$Base                      0x08008058   Number         0  anon$$obj.o(Region$$Table)
    Region$$Table$$Limit                     0x08008078   Number         0  anon$$obj.o(Region$$Table)
    uwTickPrio                               0x20000000   Data           4  stm32g4xx_hal.o(.data)
    uwTickFreq                               0x20000004   Data           4  stm32g4xx_hal.o(.data)
    uwTick                                   0x20000008   Data           4  stm32g4xx_hal.o(.data)
    SystemCoreClock                          0x2000000c   Data           4  system_stm32g4xx.o(.data)
    motor_enable                             0x20000010   Data           1  system.o(.data)
    upload_link_state                        0x20000011   Data           1  system.o(.data)
    tick_update                              0x20000012   Data           1  system.o(.data)
    overloop_flag                            0x20000013   Data           1  system.o(.data)
    system_init_flag                         0x20000014   Data           1  system.o(.data)
    wkfly_state_tx_count                     0x20000015   Data           1  system.o(.data)
    tick_count                               0x20000016   Data           2  system.o(.data)
    wktx_lost_count                          0x20000018   Data           2  system.o(.data)
    wktx_lost_max_count                      0x2000001a   Data           2  system.o(.data)
    system_time_ms                           0x2000001c   Data           4  system.o(.data)
    temp_raw                                 0x20000020   Data           2  lsm6dsr_port.o(.data)
    timestamp_raw                            0x20000024   Data           4  lsm6dsr_port.o(.data)
    acc_raw                                  0x2000002c   Data           6  lsm6dsr_port.o(.data)
    gyro_raw                                 0x20000032   Data           6  lsm6dsr_port.o(.data)
    uart_dma_buf                             0x20000038   Data           1  wk_double_tx.o(.data)
    wktx_has_new_data                        0x2000003c   Data           1  wk_double_tx.o(.data)
    upload_timestamp                         0x20000044   Data           4  wk_double_tx.o(.data)
    upload_count                             0x20000048   Data           4  wk_double_tx.o(.data)
    motor_data                               0x2000004c   Data           8  wk_double_tx.o(.data)
    CDC_Desc                                 0x20000054   Data          32  usbd_desc.o(.data)
    USBD_LangIDDesc                          0x20000074   Data           4  usbd_desc.o(.data)
    USBD_CDC_DeviceDesc                      0x20000078   Data          18  usbd_desc.o(.data)
    USBD_StringSerial                        0x2000008c   Data          26  usbd_desc.o(.data)
    USBD_Interface_fops_FS                   0x200000a8   Data          20  usbd_cdc_if.o(.data)
    USBD_CDC                                 0x20000198   Data          56  usbd_cdc.o(.data)
    hi2c2                                    0x200001d0   Data          84  i2c.o(.bss)
    hspi1                                    0x20000224   Data         100  spi.o(.bss)
    hspi2                                    0x20000288   Data         100  spi.o(.bss)
    htim1                                    0x200002ec   Data          76  tim.o(.bss)
    htim2                                    0x20000338   Data          76  tim.o(.bss)
    htim3                                    0x20000384   Data          76  tim.o(.bss)
    htim4                                    0x200003d0   Data          76  tim.o(.bss)
    huart1                                   0x2000041c   Data         148  usart.o(.bss)
    huart3                                   0x200004b0   Data         148  usart.o(.bss)
    hdma_usart3_tx                           0x20000544   Data          96  usart.o(.bss)
    hdma_usart3_rx                           0x200005a4   Data          96  usart.o(.bss)
    usb_cdc_buffer                           0x20000604   Data          16  system.o(.bss)
    dev_ctx                                  0x20000614   Data          16  lsm6dsr_port.o(.bss)
    hpcd_USB_FS                              0x200008bc   Data         732  usbd_conf.o(.bss)
    hUsbDeviceFS                             0x20000b98   Data         720  usb_device.o(.bss)
    USBD_StrDesc                             0x20000e68   Data         512  usbd_desc.o(.bss)
    UserRxBufferFS                           0x20001068   Data        1024  usbd_cdc_if.o(.bss)
    UserTxBufferFS                           0x20001468   Data        1024  usbd_cdc_if.o(.bss)
    __initial_sp                             0x20001c68   Data           0  startup_stm32g431xx.o(STACK)



==============================================================================

Memory Map of the image

  Image Entry point : 0x080001d9

  Load Region LR_IROM1 (Base: 0x08000000, Size: 0x00008248, Max: 0x00020000, ABSOLUTE, COMPRESSED[0x00008140])

    Execution Region ER_IROM1 (Exec base: 0x08000000, Load base: 0x08000000, Size: 0x00008078, Max: 0x00020000, ABSOLUTE)

    Exec Addr    Load Addr    Size         Type   Attr      Idx    E Section Name        Object

    0x08000000   0x08000000   0x000001d8   Data   RO            3    RESET               startup_stm32g431xx.o
    0x080001d8   0x080001d8   0x00000000   Code   RO         8228  * .ARM.Collect$$$$00000000  mc_w.l(entry.o)
    0x080001d8   0x080001d8   0x00000004   Code   RO         8265    .ARM.Collect$$$$00000001  mc_w.l(entry2.o)
    0x080001dc   0x080001dc   0x00000004   Code   RO         8268    .ARM.Collect$$$$00000004  mc_w.l(entry5.o)
    0x080001e0   0x080001e0   0x00000000   Code   RO         8270    .ARM.Collect$$$$00000008  mc_w.l(entry7b.o)
    0x080001e0   0x080001e0   0x00000000   Code   RO         8272    .ARM.Collect$$$$0000000A  mc_w.l(entry8b.o)
    0x080001e0   0x080001e0   0x00000008   Code   RO         8273    .ARM.Collect$$$$0000000B  mc_w.l(entry9a.o)
    0x080001e8   0x080001e8   0x00000004   Code   RO         8280    .ARM.Collect$$$$0000000E  mc_w.l(entry12b.o)
    0x080001ec   0x080001ec   0x00000000   Code   RO         8275    .ARM.Collect$$$$0000000F  mc_w.l(entry10a.o)
    0x080001ec   0x080001ec   0x00000000   Code   RO         8277    .ARM.Collect$$$$00000011  mc_w.l(entry11a.o)
    0x080001ec   0x080001ec   0x00000004   Code   RO         8266    .ARM.Collect$$$$00002712  mc_w.l(entry2.o)
    0x080001f0   0x080001f0   0x00000024   Code   RO            4    .text               startup_stm32g431xx.o
    0x08000214   0x08000214   0x00000062   Code   RO         8231    .text               mc_w.l(uldiv.o)
    0x08000276   0x08000276   0x00000024   Code   RO         8233    .text               mc_w.l(memseta.o)
    0x0800029a   0x0800029a   0x0000000e   Code   RO         8235    .text               mc_w.l(strlen.o)
    0x080002a8   0x080002a8   0x0000002c   Code   RO         8284    .text               mc_w.l(uidiv.o)
    0x080002d4   0x080002d4   0x0000001e   Code   RO         8286    .text               mc_w.l(llshl.o)
    0x080002f2   0x080002f2   0x00000020   Code   RO         8288    .text               mc_w.l(llushr.o)
    0x08000312   0x08000312   0x00000000   Code   RO         8290    .text               mc_w.l(iusefp.o)
    0x08000312   0x08000312   0x0000014e   Code   RO         8291    .text               mf_w.l(dadd.o)
    0x08000460   0x08000460   0x000000e4   Code   RO         8293    .text               mf_w.l(dmul.o)
    0x08000544   0x08000544   0x000000de   Code   RO         8295    .text               mf_w.l(ddiv.o)
    0x08000622   0x08000622   0x00000030   Code   RO         8297    .text               mf_w.l(dfixul.o)
    0x08000652   0x08000652   0x00000002   PAD
    0x08000654   0x08000654   0x00000030   Code   RO         8299    .text               mf_w.l(cdrcmple.o)
    0x08000684   0x08000684   0x00000024   Code   RO         8301    .text               mc_w.l(init.o)
    0x080006a8   0x080006a8   0x00000024   Code   RO         8304    .text               mc_w.l(llsshr.o)
    0x080006cc   0x080006cc   0x000000ba   Code   RO         8307    .text               mf_w.l(depilogue.o)
    0x08000786   0x08000786   0x00000056   Code   RO         8317    .text               mc_w.l(__dczerorl2.o)
    0x080007dc   0x080007dc   0x00000002   Code   RO          486    i.BusFault_Handler  stm32g4xx_it.o
    0x080007de   0x080007de   0x00000004   Code   RO         7797    i.CDC_Control_FS    usbd_cdc_if.o
    0x080007e2   0x080007e2   0x00000004   Code   RO         7798    i.CDC_DeInit_FS     usbd_cdc_if.o
    0x080007e6   0x080007e6   0x00000002   PAD
    0x080007e8   0x080007e8   0x00000024   Code   RO         7799    i.CDC_Init_FS       usbd_cdc_if.o
    0x0800080c   0x0800080c   0x00000018   Code   RO         7800    i.CDC_Receive_FS    usbd_cdc_if.o
    0x08000824   0x08000824   0x00000004   Code   RO         7801    i.CDC_TransmitCplt_FS  usbd_cdc_if.o
    0x08000828   0x08000828   0x0000002c   Code   RO         7802    i.CDC_Transmit_FS   usbd_cdc_if.o
    0x08000854   0x08000854   0x0000000c   Code   RO          487    i.DMA1_Channel1_IRQHandler  stm32g4xx_it.o
    0x08000860   0x08000860   0x0000000c   Code   RO          488    i.DMA1_Channel2_IRQHandler  stm32g4xx_it.o
    0x0800086c   0x0800086c   0x00000040   Code   RO         1920    i.DMA_CalcDMAMUXChannelBaseAndMask  stm32g4xx_hal_dma.o
    0x080008ac   0x080008ac   0x00000024   Code   RO         1921    i.DMA_CalcDMAMUXRequestGenBaseAndMask  stm32g4xx_hal_dma.o
    0x080008d0   0x080008d0   0x0000003e   Code   RO         1922    i.DMA_SetConfig     stm32g4xx_hal_dma.o
    0x0800090e   0x0800090e   0x00000002   Code   RO          489    i.DebugMon_Handler  stm32g4xx_it.o
    0x08000910   0x08000910   0x00000004   Code   RO           13    i.Error_Handler     main.o
    0x08000914   0x08000914   0x0000006a   Code   RO         1923    i.HAL_DMA_Abort     stm32g4xx_hal_dma.o
    0x0800097e   0x0800097e   0x00000078   Code   RO         1924    i.HAL_DMA_Abort_IT  stm32g4xx_hal_dma.o
    0x080009f6   0x080009f6   0x000000ba   Code   RO         1928    i.HAL_DMA_IRQHandler  stm32g4xx_hal_dma.o
    0x08000ab0   0x08000ab0   0x000000c0   Code   RO         1929    i.HAL_DMA_Init      stm32g4xx_hal_dma.o
    0x08000b70   0x08000b70   0x0000008c   Code   RO         1933    i.HAL_DMA_Start_IT  stm32g4xx_hal_dma.o
    0x08000bfc   0x08000bfc   0x00000024   Code   RO         1076    i.HAL_Delay         stm32g4xx_hal.o
    0x08000c20   0x08000c20   0x00000248   Code   RO         1785    i.HAL_GPIO_Init     stm32g4xx_hal_gpio.o
    0x08000e68   0x08000e68   0x0000000a   Code   RO         1789    i.HAL_GPIO_WritePin  stm32g4xx_hal_gpio.o
    0x08000e72   0x08000e72   0x00000002   PAD
    0x08000e74   0x08000e74   0x0000000c   Code   RO         1080    i.HAL_GetTick       stm32g4xx_hal.o
    0x08000e80   0x08000e80   0x00000056   Code   RO         3034    i.HAL_I2CEx_ConfigAnalogFilter  stm32g4xx_hal_i2c_ex.o
    0x08000ed6   0x08000ed6   0x00000052   Code   RO         3035    i.HAL_I2CEx_ConfigDigitalFilter  stm32g4xx_hal_i2c_ex.o
    0x08000f28   0x08000f28   0x000000bc   Code   RO         2573    i.HAL_I2C_Init      stm32g4xx_hal_i2c.o
    0x08000fe4   0x08000fe4   0x000000a0   Code   RO          271    i.HAL_I2C_MspInit   i2c.o
    0x08001084   0x08001084   0x00000010   Code   RO         1086    i.HAL_IncTick       stm32g4xx_hal.o
    0x08001094   0x08001094   0x0000001e   Code   RO         1087    i.HAL_Init          stm32g4xx_hal.o
    0x080010b2   0x080010b2   0x00000002   PAD
    0x080010b4   0x080010b4   0x00000044   Code   RO         1088    i.HAL_InitTick      stm32g4xx_hal.o
    0x080010f8   0x080010f8   0x00000030   Code   RO          598    i.HAL_MspInit       stm32g4xx_hal_msp.o
    0x08001128   0x08001128   0x0000001a   Code   RO         2432    i.HAL_NVIC_EnableIRQ  stm32g4xx_hal_cortex.o
    0x08001142   0x08001142   0x00000002   PAD
    0x08001144   0x08001144   0x00000040   Code   RO         2438    i.HAL_NVIC_SetPriority  stm32g4xx_hal_cortex.o
    0x08001184   0x08001184   0x00000024   Code   RO         2439    i.HAL_NVIC_SetPriorityGrouping  stm32g4xx_hal_cortex.o
    0x080011a8   0x080011a8   0x00000024   Code   RO          854    i.HAL_PCDEx_ActivateLPM  stm32g4xx_hal_pcd_ex.o
    0x080011cc   0x080011cc   0x00000044   Code   RO         7464    i.HAL_PCDEx_LPM_Callback  usbd_conf.o
    0x08001210   0x08001210   0x0000003c   Code   RO          860    i.HAL_PCDEx_PMAConfig  stm32g4xx_hal_pcd_ex.o
    0x0800124c   0x0800124c   0x00000012   Code   RO         7466    i.HAL_PCD_DataInStageCallback  usbd_conf.o
    0x0800125e   0x0800125e   0x00000014   Code   RO         7467    i.HAL_PCD_DataOutStageCallback  usbd_conf.o
    0x08001272   0x08001272   0x0000004a   Code   RO          632    i.HAL_PCD_EP_Close  stm32g4xx_hal_pcd.o
    0x080012bc   0x080012bc   0x0000005a   Code   RO          633    i.HAL_PCD_EP_ClrStall  stm32g4xx_hal_pcd.o
    0x08001316   0x08001316   0x000000dc   Code   RO          634    i.HAL_PCD_EP_DB_Receive  stm32g4xx_hal_pcd.o
    0x080013f2   0x080013f2   0x00000340   Code   RO          635    i.HAL_PCD_EP_DB_Transmit  stm32g4xx_hal_pcd.o
    0x08001732   0x08001732   0x00000012   Code   RO          637    i.HAL_PCD_EP_GetRxCount  stm32g4xx_hal_pcd.o
    0x08001744   0x08001744   0x00000058   Code   RO          638    i.HAL_PCD_EP_Open   stm32g4xx_hal_pcd.o
    0x0800179c   0x0800179c   0x0000002e   Code   RO          639    i.HAL_PCD_EP_Receive  stm32g4xx_hal_pcd.o
    0x080017ca   0x080017ca   0x0000005e   Code   RO          640    i.HAL_PCD_EP_SetStall  stm32g4xx_hal_pcd.o
    0x08001828   0x08001828   0x0000002e   Code   RO          641    i.HAL_PCD_EP_Transmit  stm32g4xx_hal_pcd.o
    0x08001856   0x08001856   0x0000014a   Code   RO          643    i.HAL_PCD_IRQHandler  stm32g4xx_hal_pcd.o
    0x080019a0   0x080019a0   0x0000009c   Code   RO          646    i.HAL_PCD_Init      stm32g4xx_hal_pcd.o
    0x08001a3c   0x08001a3c   0x00000058   Code   RO         7472    i.HAL_PCD_MspInit   usbd_conf.o
    0x08001a94   0x08001a94   0x00000026   Code   RO         7473    i.HAL_PCD_ResetCallback  usbd_conf.o
    0x08001aba   0x08001aba   0x00000002   PAD
    0x08001abc   0x08001abc   0x00000028   Code   RO         7474    i.HAL_PCD_ResumeCallback  usbd_conf.o
    0x08001ae4   0x08001ae4   0x00000008   Code   RO         7475    i.HAL_PCD_SOFCallback  usbd_conf.o
    0x08001aec   0x08001aec   0x00000026   Code   RO          652    i.HAL_PCD_SetAddress  stm32g4xx_hal_pcd.o
    0x08001b12   0x08001b12   0x0000000e   Code   RO         7476    i.HAL_PCD_SetupStageCallback  usbd_conf.o
    0x08001b20   0x08001b20   0x0000002a   Code   RO          654    i.HAL_PCD_Start     stm32g4xx_hal_pcd.o
    0x08001b4a   0x08001b4a   0x00000002   PAD
    0x08001b4c   0x08001b4c   0x00000024   Code   RO         7477    i.HAL_PCD_SuspendCallback  usbd_conf.o
    0x08001b70   0x08001b70   0x000000bc   Code   RO         2188    i.HAL_PWREx_ControlVoltageScaling  stm32g4xx_hal_pwr_ex.o
    0x08001c2c   0x08001c2c   0x00000010   Code   RO         2200    i.HAL_PWREx_DisableUCPDDeadBattery  stm32g4xx_hal_pwr_ex.o
    0x08001c3c   0x08001c3c   0x00000288   Code   RO         1447    i.HAL_RCCEx_PeriphCLKConfig  stm32g4xx_hal_rcc_ex.o
    0x08001ec4   0x08001ec4   0x000001dc   Code   RO         1322    i.HAL_RCC_ClockConfig  stm32g4xx_hal_rcc.o
    0x080020a0   0x080020a0   0x00000024   Code   RO         1330    i.HAL_RCC_GetPCLK1Freq  stm32g4xx_hal_rcc.o
    0x080020c4   0x080020c4   0x00000024   Code   RO         1331    i.HAL_RCC_GetPCLK2Freq  stm32g4xx_hal_rcc.o
    0x080020e8   0x080020e8   0x00000070   Code   RO         1332    i.HAL_RCC_GetSysClockFreq  stm32g4xx_hal_rcc.o
    0x08002158   0x08002158   0x00000404   Code   RO         1335    i.HAL_RCC_OscConfig  stm32g4xx_hal_rcc.o
    0x0800255c   0x0800255c   0x000000ea   Code   RO         3099    i.HAL_SPI_Init      stm32g4xx_hal_spi.o
    0x08002646   0x08002646   0x00000002   PAD
    0x08002648   0x08002648   0x000000a0   Code   RO          313    i.HAL_SPI_MspInit   spi.o
    0x080026e8   0x080026e8   0x0000017e   Code   RO         3102    i.HAL_SPI_Receive   stm32g4xx_hal_spi.o
    0x08002866   0x08002866   0x00000192   Code   RO         3107    i.HAL_SPI_Transmit  stm32g4xx_hal_spi.o
    0x080029f8   0x080029f8   0x0000026c   Code   RO         3108    i.HAL_SPI_TransmitReceive  stm32g4xx_hal_spi.o
    0x08002c64   0x08002c64   0x00000028   Code   RO         2443    i.HAL_SYSTICK_Config  stm32g4xx_hal_cortex.o
    0x08002c8c   0x08002c8c   0x00000002   Code   RO         4155    i.HAL_TIMEx_Break2Callback  stm32g4xx_hal_tim_ex.o
    0x08002c8e   0x08002c8e   0x00000002   Code   RO         4156    i.HAL_TIMEx_BreakCallback  stm32g4xx_hal_tim_ex.o
    0x08002c90   0x08002c90   0x00000002   Code   RO         4157    i.HAL_TIMEx_CommutCallback  stm32g4xx_hal_tim_ex.o
    0x08002c92   0x08002c92   0x00000002   Code   RO         4168    i.HAL_TIMEx_DirectionChangeCallback  stm32g4xx_hal_tim_ex.o
    0x08002c94   0x08002c94   0x00000002   Code   RO         4182    i.HAL_TIMEx_EncoderIndexCallback  stm32g4xx_hal_tim_ex.o
    0x08002c96   0x08002c96   0x00000002   Code   RO         4196    i.HAL_TIMEx_IndexErrorCallback  stm32g4xx_hal_tim_ex.o
    0x08002c98   0x08002c98   0x0000009c   Code   RO         4197    i.HAL_TIMEx_MasterConfigSynchronization  stm32g4xx_hal_tim_ex.o
    0x08002d34   0x08002d34   0x00000002   Code   RO         4218    i.HAL_TIMEx_TransitionErrorCallback  stm32g4xx_hal_tim_ex.o
    0x08002d36   0x08002d36   0x00000062   Code   RO         3441    i.HAL_TIM_Base_Init  stm32g4xx_hal_tim.o
    0x08002d98   0x08002d98   0x0000003c   Code   RO          361    i.HAL_TIM_Base_MspInit  tim.o
    0x08002dd4   0x08002dd4   0x0000006c   Code   RO         3444    i.HAL_TIM_Base_Start  stm32g4xx_hal_tim.o
    0x08002e40   0x08002e40   0x00000078   Code   RO         3446    i.HAL_TIM_Base_Start_IT  stm32g4xx_hal_tim.o
    0x08002eb8   0x08002eb8   0x00000100   Code   RO         3450    i.HAL_TIM_ConfigClockSource  stm32g4xx_hal_tim.o
    0x08002fb8   0x08002fb8   0x00000002   Code   RO         3475    i.HAL_TIM_IC_CaptureCallback  stm32g4xx_hal_tim.o
    0x08002fba   0x08002fba   0x000001a2   Code   RO         3489    i.HAL_TIM_IRQHandler  stm32g4xx_hal_tim.o
    0x0800315c   0x0800315c   0x000000c4   Code   RO          362    i.HAL_TIM_MspPostInit  tim.o
    0x08003220   0x08003220   0x00000002   Code   RO         3492    i.HAL_TIM_OC_DelayElapsedCallback  stm32g4xx_hal_tim.o
    0x08003222   0x08003222   0x00000124   Code   RO         3513    i.HAL_TIM_PWM_ConfigChannel  stm32g4xx_hal_tim.o
    0x08003346   0x08003346   0x00000062   Code   RO         3516    i.HAL_TIM_PWM_Init  stm32g4xx_hal_tim.o
    0x080033a8   0x080033a8   0x0000006c   Code   RO          364    i.HAL_TIM_PWM_MspInit  tim.o
    0x08003414   0x08003414   0x00000002   Code   RO         3519    i.HAL_TIM_PWM_PulseFinishedCallback  stm32g4xx_hal_tim.o
    0x08003416   0x08003416   0x00000002   PAD
    0x08003418   0x08003418   0x000000fc   Code   RO         3521    i.HAL_TIM_PWM_Start  stm32g4xx_hal_tim.o
    0x08003514   0x08003514   0x00000038   Code   RO         5160    i.HAL_TIM_PeriodElapsedCallback  system.o
    0x0800354c   0x0800354c   0x00000002   Code   RO         3532    i.HAL_TIM_TriggerCallback  stm32g4xx_hal_tim.o
    0x0800354e   0x0800354e   0x0000003e   Code   RO         5004    i.HAL_UARTEx_DisableFifoMode  stm32g4xx_hal_uart_ex.o
    0x0800358c   0x0800358c   0x00000002   Code   RO         4593    i.HAL_UARTEx_RxEventCallback  stm32g4xx_hal_uart.o
    0x0800358e   0x0800358e   0x00000002   Code   RO         5012    i.HAL_UARTEx_RxFifoFullCallback  stm32g4xx_hal_uart_ex.o
    0x08003590   0x08003590   0x0000004c   Code   RO         5013    i.HAL_UARTEx_SetRxFifoThreshold  stm32g4xx_hal_uart_ex.o
    0x080035dc   0x080035dc   0x0000004c   Code   RO         5014    i.HAL_UARTEx_SetTxFifoThreshold  stm32g4xx_hal_uart_ex.o
    0x08003628   0x08003628   0x00000002   Code   RO         5016    i.HAL_UARTEx_TxFifoEmptyCallback  stm32g4xx_hal_uart_ex.o
    0x0800362a   0x0800362a   0x00000002   Code   RO         5017    i.HAL_UARTEx_WakeupCallback  stm32g4xx_hal_uart_ex.o
    0x0800362c   0x0800362c   0x00000002   Code   RO         4609    i.HAL_UART_ErrorCallback  stm32g4xx_hal_uart.o
    0x0800362e   0x0800362e   0x00000002   PAD
    0x08003630   0x08003630   0x0000030c   Code   RO         4612    i.HAL_UART_IRQHandler  stm32g4xx_hal_uart.o
    0x0800393c   0x0800393c   0x0000006a   Code   RO         4613    i.HAL_UART_Init     stm32g4xx_hal_uart.o
    0x080039a6   0x080039a6   0x00000002   PAD
    0x080039a8   0x080039a8   0x00000154   Code   RO          439    i.HAL_UART_MspInit  usart.o
    0x08003afc   0x08003afc   0x00000048   Code   RO         4617    i.HAL_UART_Receive_DMA  stm32g4xx_hal_uart.o
    0x08003b44   0x08003b44   0x0000002c   Code   RO         7395    i.HAL_UART_RxCpltCallback  wk_double_tx.o
    0x08003b70   0x08003b70   0x00000002   Code   RO         4621    i.HAL_UART_RxHalfCpltCallback  stm32g4xx_hal_uart.o
    0x08003b72   0x08003b72   0x00000002   PAD
    0x08003b74   0x08003b74   0x00000090   Code   RO         4623    i.HAL_UART_Transmit_DMA  stm32g4xx_hal_uart.o
    0x08003c04   0x08003c04   0x00000018   Code   RO         7396    i.HAL_UART_TxCpltCallback  wk_double_tx.o
    0x08003c1c   0x08003c1c   0x00000002   Code   RO         4626    i.HAL_UART_TxHalfCpltCallback  stm32g4xx_hal_uart.o
    0x08003c1e   0x08003c1e   0x00000002   Code   RO          490    i.HardFault_Handler  stm32g4xx_it.o
    0x08003c20   0x08003c20   0x00000038   Code   RO         7711    i.IntToUnicode      usbd_desc.o
    0x08003c58   0x08003c58   0x0000004c   Code   RO          246    i.MX_DMA_Init       dma.o
    0x08003ca4   0x08003ca4   0x000000dc   Code   RO          222    i.MX_GPIO_Init      gpio.o
    0x08003d80   0x08003d80   0x00000058   Code   RO          272    i.MX_I2C2_Init      i2c.o
    0x08003dd8   0x08003dd8   0x00000050   Code   RO          314    i.MX_SPI1_Init      spi.o
    0x08003e28   0x08003e28   0x00000050   Code   RO          315    i.MX_SPI2_Init      spi.o
    0x08003e78   0x08003e78   0x00000070   Code   RO          365    i.MX_TIM1_Init      tim.o
    0x08003ee8   0x08003ee8   0x000000a4   Code   RO          366    i.MX_TIM2_Init      tim.o
    0x08003f8c   0x08003f8c   0x00000080   Code   RO          367    i.MX_TIM3_Init      tim.o
    0x0800400c   0x0800400c   0x00000080   Code   RO          368    i.MX_TIM4_Init      tim.o
    0x0800408c   0x0800408c   0x00000068   Code   RO          440    i.MX_USART1_UART_Init  usart.o
    0x080040f4   0x080040f4   0x00000068   Code   RO          441    i.MX_USART3_UART_Init  usart.o
    0x0800415c   0x0800415c   0x00000054   Code   RO         7680    i.MX_USB_Device_Init  usb_device.o
    0x080041b0   0x080041b0   0x00000002   Code   RO          491    i.MemManage_Handler  stm32g4xx_it.o
    0x080041b2   0x080041b2   0x00000002   Code   RO          492    i.NMI_Handler       stm32g4xx_it.o
    0x080041b4   0x080041b4   0x00000396   Code   RO          657    i.PCD_EP_ISR_Handler  stm32g4xx_hal_pcd.o
    0x0800454a   0x0800454a   0x00000002   Code   RO          493    i.PendSV_Handler    stm32g4xx_it.o
    0x0800454c   0x0800454c   0x00000074   Code   RO         3136    i.SPI_EndRxTransaction  stm32g4xx_hal_spi.o
    0x080045c0   0x080045c0   0x00000048   Code   RO         3137    i.SPI_EndRxTxTransaction  stm32g4xx_hal_spi.o
    0x08004608   0x08004608   0x000000e0   Code   RO         3142    i.SPI_WaitFifoStateUntilTimeout  stm32g4xx_hal_spi.o
    0x080046e8   0x080046e8   0x000000b8   Code   RO         3143    i.SPI_WaitFlagStateUntilTimeout  stm32g4xx_hal_spi.o
    0x080047a0   0x080047a0   0x00000002   Code   RO          494    i.SVC_Handler       stm32g4xx_it.o
    0x080047a2   0x080047a2   0x0000000a   Code   RO         7992    i.SWAPBYTE          usbd_ctlreq.o
    0x080047ac   0x080047ac   0x00000004   Code   RO          495    i.SysTick_Handler   stm32g4xx_it.o
    0x080047b0   0x080047b0   0x0000006c   Code   RO           14    i.SystemClock_Config  main.o
    0x0800481c   0x0800481c   0x00000010   Code   RO         5123    i.SystemInit        system_stm32g4xx.o
    0x0800482c   0x0800482c   0x0000000c   Code   RO          496    i.TIM1_UP_TIM16_IRQHandler  stm32g4xx_it.o
    0x08004838   0x08004838   0x0000000c   Code   RO          497    i.TIM2_IRQHandler   stm32g4xx_it.o
    0x08004844   0x08004844   0x000000bc   Code   RO         3534    i.TIM_Base_SetConfig  stm32g4xx_hal_tim.o
    0x08004900   0x08004900   0x0000001a   Code   RO         3535    i.TIM_CCxChannelCmd  stm32g4xx_hal_tim.o
    0x0800491a   0x0800491a   0x00000014   Code   RO         3545    i.TIM_ETR_SetConfig  stm32g4xx_hal_tim.o
    0x0800492e   0x0800492e   0x00000002   PAD
    0x08004930   0x08004930   0x00000014   Code   RO         3546    i.TIM_ITRx_SetConfig  stm32g4xx_hal_tim.o
    0x08004944   0x08004944   0x0000009c   Code   RO         3547    i.TIM_OC1_SetConfig  stm32g4xx_hal_tim.o
    0x080049e0   0x080049e0   0x00000090   Code   RO         3548    i.TIM_OC2_SetConfig  stm32g4xx_hal_tim.o
    0x08004a70   0x08004a70   0x00000090   Code   RO         3549    i.TIM_OC3_SetConfig  stm32g4xx_hal_tim.o
    0x08004b00   0x08004b00   0x00000090   Code   RO         3550    i.TIM_OC4_SetConfig  stm32g4xx_hal_tim.o
    0x08004b90   0x08004b90   0x00000070   Code   RO         3551    i.TIM_OC5_SetConfig  stm32g4xx_hal_tim.o
    0x08004c00   0x08004c00   0x00000070   Code   RO         3552    i.TIM_OC6_SetConfig  stm32g4xx_hal_tim.o
    0x08004c70   0x08004c70   0x00000022   Code   RO         3554    i.TIM_TI1_ConfigInputStage  stm32g4xx_hal_tim.o
    0x08004c92   0x08004c92   0x00000024   Code   RO         3556    i.TIM_TI2_ConfigInputStage  stm32g4xx_hal_tim.o
    0x08004cb6   0x08004cb6   0x00000002   PAD
    0x08004cb8   0x08004cb8   0x00000044   Code   RO         5018    i.UARTEx_SetNbDataToProcess  stm32g4xx_hal_uart_ex.o
    0x08004cfc   0x08004cfc   0x000000c8   Code   RO         4627    i.UART_AdvFeatureConfig  stm32g4xx_hal_uart.o
    0x08004dc4   0x08004dc4   0x000000ac   Code   RO         4628    i.UART_CheckIdleState  stm32g4xx_hal_uart.o
    0x08004e70   0x08004e70   0x00000014   Code   RO         4629    i.UART_DMAAbortOnError  stm32g4xx_hal_uart.o
    0x08004e84   0x08004e84   0x00000050   Code   RO         4630    i.UART_DMAError     stm32g4xx_hal_uart.o
    0x08004ed4   0x08004ed4   0x00000086   Code   RO         4631    i.UART_DMAReceiveCplt  stm32g4xx_hal_uart.o
    0x08004f5a   0x08004f5a   0x00000020   Code   RO         4633    i.UART_DMARxHalfCplt  stm32g4xx_hal_uart.o
    0x08004f7a   0x08004f7a   0x00000042   Code   RO         4635    i.UART_DMATransmitCplt  stm32g4xx_hal_uart.o
    0x08004fbc   0x08004fbc   0x0000000a   Code   RO         4637    i.UART_DMATxHalfCplt  stm32g4xx_hal_uart.o
    0x08004fc6   0x08004fc6   0x00000002   PAD
    0x08004fc8   0x08004fc8   0x00000054   Code   RO         4639    i.UART_EndRxTransfer  stm32g4xx_hal_uart.o
    0x0800501c   0x0800501c   0x0000002e   Code   RO         4640    i.UART_EndTxTransfer  stm32g4xx_hal_uart.o
    0x0800504a   0x0800504a   0x00000002   PAD
    0x0800504c   0x0800504c   0x00000274   Code   RO         4645    i.UART_SetConfig    stm32g4xx_hal_uart.o
    0x080052c0   0x080052c0   0x000000a8   Code   RO         4646    i.UART_Start_Receive_DMA  stm32g4xx_hal_uart.o
    0x08005368   0x08005368   0x00000094   Code   RO         4652    i.UART_WaitOnFlagUntilTimeout  stm32g4xx_hal_uart.o
    0x080053fc   0x080053fc   0x0000000c   Code   RO          498    i.USART3_IRQHandler  stm32g4xx_it.o
    0x08005408   0x08005408   0x00000020   Code   RO         7712    i.USBD_CDC_ConfigStrDescriptor  usbd_desc.o
    0x08005428   0x08005428   0x0000005e   Code   RO         8125    i.USBD_CDC_DataIn   usbd_cdc.o
    0x08005486   0x08005486   0x0000002a   Code   RO         8126    i.USBD_CDC_DataOut  usbd_cdc.o
    0x080054b0   0x080054b0   0x00000048   Code   RO         8127    i.USBD_CDC_DeInit   usbd_cdc.o
    0x080054f8   0x080054f8   0x0000000c   Code   RO         7713    i.USBD_CDC_DeviceDescriptor  usbd_desc.o
    0x08005504   0x08005504   0x0000002e   Code   RO         8128    i.USBD_CDC_EP0_RxReady  usbd_cdc.o
    0x08005532   0x08005532   0x00000002   PAD
    0x08005534   0x08005534   0x0000000c   Code   RO         8129    i.USBD_CDC_GetDeviceQualifierDescriptor  usbd_cdc.o
    0x08005540   0x08005540   0x0000000c   Code   RO         8130    i.USBD_CDC_GetFSCfgDesc  usbd_cdc.o
    0x0800554c   0x0800554c   0x0000000c   Code   RO         8131    i.USBD_CDC_GetHSCfgDesc  usbd_cdc.o
    0x08005558   0x08005558   0x0000000c   Code   RO         8132    i.USBD_CDC_GetOtherSpeedCfgDesc  usbd_cdc.o
    0x08005564   0x08005564   0x000000a2   Code   RO         8133    i.USBD_CDC_Init     usbd_cdc.o
    0x08005606   0x08005606   0x00000002   PAD
    0x08005608   0x08005608   0x00000024   Code   RO         7714    i.USBD_CDC_InterfaceStrDescriptor  usbd_desc.o
    0x0800562c   0x0800562c   0x0000000c   Code   RO         7715    i.USBD_CDC_LangIDStrDescriptor  usbd_desc.o
    0x08005638   0x08005638   0x00000028   Code   RO         7716    i.USBD_CDC_ManufacturerStrDescriptor  usbd_desc.o
    0x08005660   0x08005660   0x0000002c   Code   RO         7717    i.USBD_CDC_ProductStrDescriptor  usbd_desc.o
    0x0800568c   0x0800568c   0x00000028   Code   RO         8134    i.USBD_CDC_ReceivePacket  usbd_cdc.o
    0x080056b4   0x080056b4   0x0000000e   Code   RO         8135    i.USBD_CDC_RegisterInterface  usbd_cdc.o
    0x080056c2   0x080056c2   0x00000002   PAD
    0x080056c4   0x080056c4   0x00000038   Code   RO         7718    i.USBD_CDC_SerialStrDescriptor  usbd_desc.o
    0x080056fc   0x080056fc   0x00000012   Code   RO         8136    i.USBD_CDC_SetRxBuffer  usbd_cdc.o
    0x0800570e   0x0800570e   0x00000016   Code   RO         8137    i.USBD_CDC_SetTxBuffer  usbd_cdc.o
    0x08005724   0x08005724   0x000000be   Code   RO         8138    i.USBD_CDC_Setup    usbd_cdc.o
    0x080057e2   0x080057e2   0x00000036   Code   RO         8139    i.USBD_CDC_TransmitPacket  usbd_cdc.o
    0x08005818   0x08005818   0x00000010   Code   RO         7854    i.USBD_ClrClassConfig  usbd_core.o
    0x08005828   0x08005828   0x00000010   Code   RO         8065    i.USBD_CtlContinueRx  usbd_ioreq.o
    0x08005838   0x08005838   0x00000010   Code   RO         8066    i.USBD_CtlContinueSendData  usbd_ioreq.o
    0x08005848   0x08005848   0x00000016   Code   RO         7993    i.USBD_CtlError     usbd_ctlreq.o
    0x0800585e   0x0800585e   0x0000001e   Code   RO         8067    i.USBD_CtlPrepareRx  usbd_ioreq.o
    0x0800587c   0x0800587c   0x00000016   Code   RO         8068    i.USBD_CtlReceiveStatus  usbd_ioreq.o
    0x08005892   0x08005892   0x0000001a   Code   RO         8069    i.USBD_CtlSendData  usbd_ioreq.o
    0x080058ac   0x080058ac   0x00000016   Code   RO         8070    i.USBD_CtlSendStatus  usbd_ioreq.o
    0x080058c2   0x080058c2   0x000000fa   Code   RO         7994    i.USBD_GetDescriptor  usbd_ctlreq.o
    0x080059bc   0x080059bc   0x00000048   Code   RO         7995    i.USBD_GetString    usbd_ctlreq.o
    0x08005a04   0x08005a04   0x00000018   Code   RO         7478    i.USBD_Get_USB_Status  usbd_conf.o
    0x08005a1c   0x08005a1c   0x00000026   Code   RO         7856    i.USBD_Init         usbd_core.o
    0x08005a42   0x08005a42   0x00000012   Code   RO         7479    i.USBD_LL_ClearStallEP  usbd_conf.o
    0x08005a54   0x08005a54   0x00000012   Code   RO         7480    i.USBD_LL_CloseEP   usbd_conf.o
    0x08005a66   0x08005a66   0x000000a8   Code   RO         7857    i.USBD_LL_DataInStage  usbd_core.o
    0x08005b0e   0x08005b0e   0x0000006c   Code   RO         7858    i.USBD_LL_DataOutStage  usbd_core.o
    0x08005b7a   0x08005b7a   0x00000008   Code   RO         7484    i.USBD_LL_GetRxDataSize  usbd_conf.o
    0x08005b82   0x08005b82   0x00000002   PAD
    0x08005b84   0x08005b84   0x00000084   Code   RO         7485    i.USBD_LL_Init      usbd_conf.o
    0x08005c08   0x08005c08   0x0000001e   Code   RO         7486    i.USBD_LL_IsStallEP  usbd_conf.o
    0x08005c26   0x08005c26   0x00000018   Code   RO         7487    i.USBD_LL_OpenEP    usbd_conf.o
    0x08005c3e   0x08005c3e   0x00000012   Code   RO         7488    i.USBD_LL_PrepareReceive  usbd_conf.o
    0x08005c50   0x08005c50   0x0000005a   Code   RO         7863    i.USBD_LL_Reset     usbd_core.o
    0x08005caa   0x08005caa   0x00000014   Code   RO         7864    i.USBD_LL_Resume    usbd_core.o
    0x08005cbe   0x08005cbe   0x00000020   Code   RO         7865    i.USBD_LL_SOF       usbd_core.o
    0x08005cde   0x08005cde   0x00000006   Code   RO         7866    i.USBD_LL_SetSpeed  usbd_core.o
    0x08005ce4   0x08005ce4   0x00000012   Code   RO         7489    i.USBD_LL_SetUSBAddress  usbd_conf.o
    0x08005cf6   0x08005cf6   0x00000060   Code   RO         7867    i.USBD_LL_SetupStage  usbd_core.o
    0x08005d56   0x08005d56   0x00000012   Code   RO         7490    i.USBD_LL_StallEP   usbd_conf.o
    0x08005d68   0x08005d68   0x00000012   Code   RO         7491    i.USBD_LL_Start     usbd_conf.o
    0x08005d7a   0x08005d7a   0x00000012   Code   RO         7868    i.USBD_LL_Suspend   usbd_core.o
    0x08005d8c   0x08005d8c   0x00000012   Code   RO         7493    i.USBD_LL_Transmit  usbd_conf.o
    0x08005d9e   0x08005d9e   0x0000002c   Code   RO         7996    i.USBD_ParseSetupRequest  usbd_ctlreq.o
    0x08005dca   0x08005dca   0x00000024   Code   RO         7869    i.USBD_RegisterClass  usbd_core.o
    0x08005dee   0x08005dee   0x00000014   Code   RO         7871    i.USBD_SetClassConfig  usbd_core.o
    0x08005e02   0x08005e02   0x00000002   PAD
    0x08005e04   0x08005e04   0x000000bc   Code   RO         7997    i.USBD_SetConfig    usbd_ctlreq.o
    0x08005ec0   0x08005ec0   0x00000004   Code   RO         7872    i.USBD_Start        usbd_core.o
    0x08005ec4   0x08005ec4   0x00000114   Code   RO         7998    i.USBD_StdDevReq    usbd_ctlreq.o
    0x08005fd8   0x08005fd8   0x00000140   Code   RO         7999    i.USBD_StdEPReq     usbd_ctlreq.o
    0x08006118   0x08006118   0x00000052   Code   RO         8000    i.USBD_StdItfReq    usbd_ctlreq.o
    0x0800616a   0x0800616a   0x00000002   Code   RO         7494    i.USBD_static_free  usbd_conf.o
    0x0800616c   0x0800616c   0x00000008   Code   RO         7495    i.USBD_static_malloc  usbd_conf.o
    0x08006174   0x08006174   0x0000029c   Code   RO          919    i.USB_ActivateEndpoint  stm32g4xx_ll_usb.o
    0x08006410   0x08006410   0x0000010e   Code   RO          923    i.USB_DeactivateEndpoint  stm32g4xx_ll_usb.o
    0x0800651e   0x0800651e   0x0000000e   Code   RO          924    i.USB_DevConnect    stm32g4xx_ll_usb.o
    0x0800652c   0x0800652c   0x00000012   Code   RO          926    i.USB_DevInit       stm32g4xx_ll_usb.o
    0x0800653e   0x0800653e   0x00000010   Code   RO          927    i.USB_DisableGlobalInt  stm32g4xx_ll_usb.o
    0x0800654e   0x0800654e   0x00000078   Code   RO          928    i.USB_EPClearStall  stm32g4xx_ll_usb.o
    0x080065c6   0x080065c6   0x00000032   Code   RO          929    i.USB_EPSetStall    stm32g4xx_ll_usb.o
    0x080065f8   0x080065f8   0x000004e2   Code   RO          930    i.USB_EPStartXfer   stm32g4xx_ll_usb.o
    0x08006ada   0x08006ada   0x00000012   Code   RO          932    i.USB_EnableGlobalInt  stm32g4xx_ll_usb.o
    0x08006aec   0x08006aec   0x0000000c   Code   RO          499    i.USB_LP_IRQHandler  stm32g4xx_it.o
    0x08006af8   0x08006af8   0x00000006   Code   RO          935    i.USB_ReadInterrupts  stm32g4xx_ll_usb.o
    0x08006afe   0x08006afe   0x00000028   Code   RO          936    i.USB_ReadPMA       stm32g4xx_ll_usb.o
    0x08006b26   0x08006b26   0x0000000c   Code   RO          938    i.USB_SetDevAddress  stm32g4xx_ll_usb.o
    0x08006b32   0x08006b32   0x00000002   PAD
    0x08006b34   0x08006b34   0x00000026   Code   RO          940    i.USB_WritePMA      stm32g4xx_ll_usb.o
    0x08006b5a   0x08006b5a   0x00000002   Code   RO          500    i.UsageFault_Handler  stm32g4xx_it.o
    0x08006b5c   0x08006b5c   0x00000034   Code   RO         8243    i.__0vsnprintf      mc_w.l(printfa.o)
    0x08006b90   0x08006b90   0x00000020   Code   RO         2445    i.__NVIC_SetPriority  stm32g4xx_hal_cortex.o
    0x08006bb0   0x08006bb0   0x0000000e   Code   RO         8311    i.__scatterload_copy  mc_w.l(handlers.o)
    0x08006bbe   0x08006bbe   0x00000002   Code   RO         8312    i.__scatterload_null  mc_w.l(handlers.o)
    0x08006bc0   0x08006bc0   0x0000000e   Code   RO         8313    i.__scatterload_zeroinit  mc_w.l(handlers.o)
    0x08006bce   0x08006bce   0x00000002   PAD
    0x08006bd0   0x08006bd0   0x00000184   Code   RO         8245    i._fp_digits        mc_w.l(printfa.o)
    0x08006d54   0x08006d54   0x000006b4   Code   RO         8246    i._printf_core      mc_w.l(printfa.o)
    0x08007408   0x08007408   0x00000024   Code   RO         8247    i._printf_post_padding  mc_w.l(printfa.o)
    0x0800742c   0x0800742c   0x0000002e   Code   RO         8248    i._printf_pre_padding  mc_w.l(printfa.o)
    0x0800745a   0x0800745a   0x00000016   Code   RO         8249    i._snputc           mc_w.l(printfa.o)
    0x08007470   0x08007470   0x00000020   Code   RO         7397    i.clear_uart_rx_buffer  wk_double_tx.o
    0x08007490   0x08007490   0x0000000c   Code   RO         5161    i.get_systime_ms    system.o
    0x0800749c   0x0800749c   0x00000050   Code   RO         5162    i.handle_led_state  system.o
    0x080074ec   0x080074ec   0x00000080   Code   RO         7398    i.handle_serial_rx  wk_double_tx.o
    0x0800756c   0x0800756c   0x000000ac   Code   RO         5271    i.lsm6ds3_init      lsm6dsr_port.o
    0x08007618   0x08007618   0x00000040   Code   RO         5320    i.lsm6dsr_acceleration_raw_get  lsm6dsr_reg.o
    0x08007658   0x08007658   0x00000040   Code   RO         5330    i.lsm6dsr_angular_rate_raw_get  lsm6dsr_reg.o
    0x08007698   0x08007698   0x0000002e   Code   RO         5370    i.lsm6dsr_block_data_update_set  lsm6dsr_reg.o
    0x080076c6   0x080076c6   0x0000000e   Code   RO         5393    i.lsm6dsr_device_id_get  lsm6dsr_reg.o
    0x080076d4   0x080076d4   0x00000018   Code   RO         5432    i.lsm6dsr_from_fs2000dps_to_mdps  lsm6dsr_reg.o
    0x080076ec   0x080076ec   0x00000018   Code   RO         5434    i.lsm6dsr_from_fs2g_to_mg  lsm6dsr_reg.o
    0x08007704   0x08007704   0x0000001c   Code   RO         5439    i.lsm6dsr_from_lsb_to_celsius  lsm6dsr_reg.o
    0x08007720   0x08007720   0x0000004c   Code   RO         5441    i.lsm6dsr_fsm_data_rate_get  lsm6dsr_reg.o
    0x0800776c   0x0800776c   0x0000003e   Code   RO         5443    i.lsm6dsr_fsm_enable_get  lsm6dsr_reg.o
    0x080077aa   0x080077aa   0x000000ec   Code   RO         5453    i.lsm6dsr_gy_data_rate_set  lsm6dsr_reg.o
    0x08007896   0x08007896   0x0000002e   Code   RO         5455    i.lsm6dsr_gy_filter_lp1_set  lsm6dsr_reg.o
    0x080078c4   0x080078c4   0x0000002e   Code   RO         5458    i.lsm6dsr_gy_full_scale_set  lsm6dsr_reg.o
    0x080078f2   0x080078f2   0x0000002e   Code   RO         5462    i.lsm6dsr_gy_lp1_bandwidth_set  lsm6dsr_reg.o
    0x08007920   0x08007920   0x0000005c   Code   RO         5472    i.lsm6dsr_i3c_disable_set  lsm6dsr_reg.o
    0x0800797c   0x0800797c   0x0000002e   Code   RO         5500    i.lsm6dsr_mem_bank_set  lsm6dsr_reg.o
    0x080079aa   0x080079aa   0x00000018   Code   RO         5530    i.lsm6dsr_read_reg  lsm6dsr_reg.o
    0x080079c2   0x080079c2   0x0000002e   Code   RO         5532    i.lsm6dsr_reset_set  lsm6dsr_reg.o
    0x080079f0   0x080079f0   0x0000000e   Code   RO         5582    i.lsm6dsr_status_reg_get  lsm6dsr_reg.o
    0x080079fe   0x080079fe   0x00000020   Code   RO         5607    i.lsm6dsr_temperature_raw_get  lsm6dsr_reg.o
    0x08007a1e   0x08007a1e   0x00000034   Code   RO         5612    i.lsm6dsr_timestamp_raw_get  lsm6dsr_reg.o
    0x08007a52   0x08007a52   0x0000002e   Code   RO         5614    i.lsm6dsr_timestamp_set  lsm6dsr_reg.o
    0x08007a80   0x08007a80   0x000000dc   Code   RO         5272    i.lsm6dsr_update    lsm6dsr_port.o
    0x08007b5c   0x08007b5c   0x00000018   Code   RO         5621    i.lsm6dsr_write_reg  lsm6dsr_reg.o
    0x08007b74   0x08007b74   0x000000ec   Code   RO         5623    i.lsm6dsr_xl_data_rate_set  lsm6dsr_reg.o
    0x08007c60   0x08007c60   0x0000002e   Code   RO         5627    i.lsm6dsr_xl_filter_lp2_set  lsm6dsr_reg.o
    0x08007c8e   0x08007c8e   0x0000002e   Code   RO         5630    i.lsm6dsr_xl_full_scale_set  lsm6dsr_reg.o
    0x08007cbc   0x08007cbc   0x0000003a   Code   RO         5634    i.lsm6dsr_xl_hp_path_on_out_set  lsm6dsr_reg.o
    0x08007cf6   0x08007cf6   0x00000042   Code   RO           15    i.main              main.o
    0x08007d38   0x08007d38   0x0000001c   Code   RO         7347    i.motor_all_stop    motor.o
    0x08007d54   0x08007d54   0x00000034   Code   RO         7348    i.motor_init        motor.o
    0x08007d88   0x08007d88   0x00000038   Code   RO         7351    i.motors_set_2048   motor.o
    0x08007dc0   0x08007dc0   0x00000052   Code   RO         5273    i.platform_read     lsm6dsr_port.o
    0x08007e12   0x08007e12   0x00000046   Code   RO         5274    i.platform_write    lsm6dsr_port.o
    0x08007e58   0x08007e58   0x00000020   Code   RO         7399    i.receive_wkfly_data  wk_double_tx.o
    0x08007e78   0x08007e78   0x00000050   Code   RO         7400    i.send_wkfly_data   wk_double_tx.o
    0x08007ec8   0x08007ec8   0x00000014   Code   RO         7401    i.serial_init       wk_double_tx.o
    0x08007edc   0x08007edc   0x00000060   Code   RO         5163    i.system_init       system.o
    0x08007f3c   0x08007f3c   0x00000078   Code   RO         5164    i.system_loop       system.o
    0x08007fb4   0x08007fb4   0x0000003c   Code   RO         7402    i.uart_tx_dma       wk_double_tx.o
    0x08007ff0   0x08007ff0   0x00000028   Code   RO         5165    i.usb_log           system.o
    0x08008018   0x08008018   0x00000018   Data   RO         4653    .constdata          stm32g4xx_hal_uart.o
    0x08008030   0x08008030   0x00000010   Data   RO         5019    .constdata          stm32g4xx_hal_uart_ex.o
    0x08008040   0x08008040   0x00000010   Data   RO         5124    .constdata          system_stm32g4xx.o
    0x08008050   0x08008050   0x00000008   Data   RO         5125    .constdata          system_stm32g4xx.o
    0x08008058   0x08008058   0x00000020   Data   RO         8309    Region$$Table       anon$$obj.o


    Execution Region RW_IRAM1 (Exec base: 0x20000000, Load base: 0x08008078, Size: 0x00001c68, Max: 0x00008000, ABSOLUTE, COMPRESSED[0x000000c8])

    Exec Addr    Load Addr    Size         Type   Attr      Idx    E Section Name        Object

    0x20000000   COMPRESSED   0x0000000c   Data   RW         1107    .data               stm32g4xx_hal.o
    0x2000000c   COMPRESSED   0x00000004   Data   RW         5126    .data               system_stm32g4xx.o
    0x20000010   COMPRESSED   0x00000010   Data   RW         5167    .data               system.o
    0x20000020   COMPRESSED   0x00000018   Data   RW         5277    .data               lsm6dsr_port.o
    0x20000038   COMPRESSED   0x0000001c   Data   RW         7404    .data               wk_double_tx.o
    0x20000054   COMPRESSED   0x00000020   Data   RW         7720    .data               usbd_desc.o
    0x20000074   COMPRESSED   0x00000032   Data   RW         7721    .data               usbd_desc.o
    0x200000a6   COMPRESSED   0x00000002   PAD
    0x200000a8   COMPRESSED   0x00000014   Data   RW         7804    .data               usbd_cdc_if.o
    0x200000bc   COMPRESSED   0x00000001   Data   RW         8001    .data               usbd_ctlreq.o
    0x200000bd   COMPRESSED   0x00000003   PAD
    0x200000c0   COMPRESSED   0x000000d7   Data   RW         8140    .data               usbd_cdc.o
    0x20000197   COMPRESSED   0x00000001   PAD
    0x20000198   COMPRESSED   0x00000038   Data   RW         8141    .data               usbd_cdc.o
    0x200001d0        -       0x00000054   Zero   RW          273    .bss                i2c.o
    0x20000224        -       0x000000c8   Zero   RW          316    .bss                spi.o
    0x200002ec        -       0x00000130   Zero   RW          369    .bss                tim.o
    0x2000041c        -       0x000001e8   Zero   RW          442    .bss                usart.o
    0x20000604        -       0x00000010   Zero   RW         5166    .bss                system.o
    0x20000614        -       0x00000028   Zero   RW         5275    .bss                lsm6dsr_port.o
    0x2000063c        -       0x00000060   Zero   RW         7403    .bss                wk_double_tx.o
    0x2000069c        -       0x000004fc   Zero   RW         7496    .bss                usbd_conf.o
    0x20000b98        -       0x000002d0   Zero   RW         7681    .bss                usb_device.o
    0x20000e68        -       0x00000200   Zero   RW         7719    .bss                usbd_desc.o
    0x20001068        -       0x00000800   Zero   RW         7803    .bss                usbd_cdc_if.o
    0x20001868        -       0x00000400   Zero   RW            1    STACK               startup_stm32g431xx.o


==============================================================================

Image component sizes


      Code (inc. data)   RO Data    RW Data    ZI Data      Debug   Object Name

        76          4          0          0          0        814   dma.o
       220         14          0          0          0        991   gpio.o
       248         24          0          0         84       1789   i2c.o
       544         28          0         24         40       3634   lsm6dsr_port.o
      1538         18          0          0          0      18828   lsm6dsr_reg.o
       178          0          0          0          0     677621   main.o
       136         14          0          0          0       1932   motor.o
       320         32          0          0        200       2350   spi.o
        36          8        472          0       1024        832   startup_stm32g431xx.o
       162         24          0         12          0       4305   stm32g4xx_hal.o
       198         14          0          0          0      33815   stm32g4xx_hal_cortex.o
       906         30          0          0          0       6542   stm32g4xx_hal_dma.o
       594         34          0          0          0       2332   stm32g4xx_hal_gpio.o
       188          4          0          0          0       3239   stm32g4xx_hal_i2c.o
       168          0          0          0          0       1899   stm32g4xx_hal_i2c_ex.o
        48          6          0          0          0        862   stm32g4xx_hal_msp.o
      2992          0          0          0          0      14633   stm32g4xx_hal_pcd.o
        96          0          0          0          0       1936   stm32g4xx_hal_pcd_ex.o
       204         18          0          0          0       1401   stm32g4xx_hal_pwr_ex.o
      1688         92          0          0          0       6244   stm32g4xx_hal_rcc.o
       648         10          0          0          0       1868   stm32g4xx_hal_rcc_ex.o
      2234         10          0          0          0       9998   stm32g4xx_hal_spi.o
      2786        282          0          0          0      19025   stm32g4xx_hal_tim.o
       170         24          0          0          0       5404   stm32g4xx_hal_tim_ex.o
      2898        116         24          0          0      36534   stm32g4xx_hal_uart.o
       288          6         16          0          0       5346   stm32g4xx_hal_uart_ex.o
        92         36          0          0          0       6969   stm32g4xx_it.o
      2520          0          0          0          0      14420   stm32g4xx_ll_usb.o
       404         94          0         16         16      50557   system.o
        16          4         24          4          0       1115   system_stm32g4xx.o
       896         72          0          0        304       5233   tim.o
       548         46          0          0        488       2765   usart.o
        84         18          0          0        720        800   usb_device.o
       802         16          0        271          0      13713   usbd_cdc.o
       116         22          0         20       2048       3892   usbd_cdc_if.o
       684         36          0          0       1276      15255   usbd_conf.o
       652          0          0          0          0       9855   usbd_core.o
      1264         22          0          1          0      14324   usbd_ctlreq.o
       288        104          0         82        512       6130   usbd_desc.o
       132          0          0          0          0       4508   usbd_ioreq.o
       420         84          0         28         96       5645   wk_double_tx.o

    ----------------------------------------------------------------------
     28524       1366        568        464       6808    1019355   Object Totals
         0          0         32          0          0          0   (incl. Generated)
        42          0          0          6          0          0   (incl. Padding)

    ----------------------------------------------------------------------

      Code (inc. data)   RO Data    RW Data    ZI Data      Debug   Library Member Name

        86          0          0          0          0          0   __dczerorl2.o
         0          0          0          0          0          0   entry.o
         0          0          0          0          0          0   entry10a.o
         0          0          0          0          0          0   entry11a.o
         4          0          0          0          0          0   entry12b.o
         8          4          0          0          0          0   entry2.o
         4          0          0          0          0          0   entry5.o
         0          0          0          0          0          0   entry7b.o
         0          0          0          0          0          0   entry8b.o
         8          4          0          0          0          0   entry9a.o
        30          0          0          0          0          0   handlers.o
        36          8          0          0          0         68   init.o
         0          0          0          0          0          0   iusefp.o
        30          0          0          0          0         68   llshl.o
        36          0          0          0          0         68   llsshr.o
        32          0          0          0          0         68   llushr.o
        36          0          0          0          0        108   memseta.o
      2260         86          0          0          0        528   printfa.o
        14          0          0          0          0         68   strlen.o
        44          0          0          0          0         80   uidiv.o
        98          0          0          0          0         92   uldiv.o
        48          0          0          0          0         68   cdrcmple.o
       334          0          0          0          0        148   dadd.o
       222          0          0          0          0        100   ddiv.o
       186          0          0          0          0        176   depilogue.o
        48          0          0          0          0         68   dfixul.o
       228          0          0          0          0         96   dmul.o

    ----------------------------------------------------------------------
      3796        102          0          0          0       1804   Library Totals
         4          0          0          0          0          0   (incl. Padding)

    ----------------------------------------------------------------------

      Code (inc. data)   RO Data    RW Data    ZI Data      Debug   Library Name

      2726        102          0          0          0       1148   mc_w.l
      1066          0          0          0          0        656   mf_w.l

    ----------------------------------------------------------------------
      3796        102          0          0          0       1804   Library Totals

    ----------------------------------------------------------------------

==============================================================================


      Code (inc. data)   RO Data    RW Data    ZI Data      Debug   

     32320       1468        568        464       6808     992159   Grand Totals
     32320       1468        568        200       6808     992159   ELF Image Totals (compressed)
     32320       1468        568        200          0          0   ROM Totals

==============================================================================

    Total RO  Size (Code + RO Data)                32888 (  32.12kB)
    Total RW  Size (RW Data + ZI Data)              7272 (   7.10kB)
    Total ROM Size (Code + RO Data + RW Data)      33088 (  32.31kB)

==============================================================================

